 shader

 Timestamp is 620d3ae4 (Thu Feb 17 01:56:52 2022)

 Preferred load address is 00400000

 Start         Length     Name                   Class
 0001:00000000 00009280H .text$di                CODE
 0001:00009280 000a84a0H .text$mn                CODE
 0001:000b1720 00001227H .text$x                 CODE
 0002:00000000 00000104H .CRT$XCA                DATA
 0002:00000104 00000104H .CRT$XCAA               DATA
 0002:00000208 00000104H .CRT$XCU                DATA
 0002:0000030c 00000104H .CRT$XCZ                DATA
 0002:00000410 00000104H .CRT$XIA                DATA
 0002:00000514 00000104H .CRT$XIAA               DATA
 0002:00000618 00000104H .CRT$XIAC               DATA
 0002:0000071c 00000114H .CRT$XIC                DATA
 0002:00000830 00000104H .CRT$XIZ                DATA
 0002:00000934 00000104H .CRT$XPA                DATA
 0002:00000a38 0000010cH .CRT$XPX                DATA
 0002:00000b44 00000104H .CRT$XPXA               DATA
 0002:00000c48 00000104H .CRT$XPZ                DATA
 0002:00000d4c 00000104H .CRT$XTA                DATA
 0002:00000e50 00000110H .CRT$XTZ                DATA
 0002:00000f60 00029220H .rdata                  DATA
 0002:0002a180 00000104H .rdata$CastGuardVftablesA DATA
 0002:0002a284 00000104H .rdata$CastGuardVftablesC DATA
 0002:0002a388 00000504H .rdata$r                DATA
 0002:0002a88c 0000014cH .rdata$sxdata           DATA
 0002:0002a9d8 0000021cH .rdata$zzzdbg           DATA
 0002:0002abf4 00000104H .rtc$IAA                DATA
 0002:0002acf8 0000010cH .rtc$IMZ                DATA
 0002:0002ae04 00000104H .rtc$IZZ                DATA
 0002:0002af08 00000104H .rtc$TAA                DATA
 0002:0002b00c 0000010cH .rtc$TMZ                DATA
 0002:0002b118 00000108H .rtc$TZZ                DATA
 0002:0002b220 000010f6H .xdata$x                DATA
 0002:0002c316 00000000H .edata                  DATA
 0003:00000000 00000c14H .data                   DATA
 0003:00000c14 000001a4H .data$r                 DATA
 0003:00000db8 000001d8H .data$rs                DATA
 0003:00000f90 00139d90H .bss                    DATA
 0004:00000000 000003d0H .idata$5                DATA
 0004:000003d0 00000078H .idata$2                DATA
 0004:00000448 00000014H .idata$3                DATA
 0004:0000045c 000003d0H .idata$4                DATA
 0004:0000082c 00000d01H .idata$6                DATA
 0005:00000000 00000109H .00cfg                  DATA
 0006:00000000 00000170H .rsrc$01                DATA
 0006:00000170 000002ccH .rsrc$02                DATA

  Address         Publics by Value              Rva+Base       Lib:Object

 0000:00000000       ___hybrid_code_map_count   00000000     <absolute>
 0000:00000000       ___guard_longjmp_count     00000000     <absolute>
 0000:00000000       ___arm64x_extra_rfe_table_size 00000000     <absolute>
 0000:00000000       ___arm64x_native_entrypoint 00000000     <absolute>
 0000:00000000       ___guard_iat_count         00000000     <absolute>
 0000:00000000       ___arm64x_redirection_metadata 00000000     <absolute>
 0000:00000000       ___AbsoluteZero            00000000     <absolute>
 0000:00000000       ___guard_eh_cont_count     00000000     <absolute>
 0000:00000000       ___arm64x_extra_rfe_table  00000000     <absolute>
 0000:00000000       ___guard_fids_table        00000000     <absolute>
 0000:00000000       ___x64_code_ranges_to_entry_points 00000000     <absolute>
 0000:00000000       ___hybrid_auxiliary_iat    00000000     <absolute>
 0000:00000000       ___volatile_metadata       00000000     <absolute>
 0000:00000000       ___enclave_config          00000000     <absolute>
 0000:00000000       ___guard_iat_table         00000000     <absolute>
 0000:00000000       ___guard_eh_cont_table     00000000     <absolute>
 0000:00000000       ___dynamic_value_reloc_table 00000000     <absolute>
 0000:00000000       __except_list              00000000     <absolute>
 0000:00000000       ___guard_check_icall_a64n_fptr 00000000     <absolute>
 0000:00000000       ___hybrid_code_map         00000000     <absolute>
 0000:00000000       ___guard_fids_count        00000000     <absolute>
 0000:00000000       ___arm64x_redirection_metadata_count 00000000     <absolute>
 0000:00000000       ___guard_longjmp_table     00000000     <absolute>
 0000:00000000       ___hybrid_auxiliary_iat_copy 00000000     <absolute>
 0000:00000000       ___x64_code_ranges_to_entry_points_count 00000000     <absolute>
 0000:00000010       ___safe_se_handler_count   00000010     <absolute>
 0000:00000100       ___guard_flags             00000100     <absolute>
 0000:00000000       ___ImageBase               00400000     <linker-defined>
 0001:00009280       ?BuildFreshel_tex@@YAHH@Z  0040a280 f   CRenderer.obj
 0001:00009630       ?CreateNoiseTexture@CRenderer@@AAEXXZ 0040a630 f   CRenderer.obj
 0001:00009720       ?GetTime@@YAMXZ            0040a720 f   CRenderer.obj
 0001:00009790       ?Initialize@CRenderer@@QAEXXZ 0040a790 f   CRenderer.obj
 0001:0000b590       ?LoadRaw@@YAXPADPAXH@Z     0040c590 f   CRenderer.obj
 0001:0000b610       ?PRNGenerator@CRenderer@@AAEMH@Z 0040c610 f   CRenderer.obj
 0001:0000b6b0       ?Render@CRenderer@@QAEXH@Z 0040c6b0 f   CRenderer.obj
 0001:0000b730       ?RenderIsland@CRenderer@@AAEXXZ 0040c730 f   CRenderer.obj
 0001:0000bd00       ?RenderSea@CRenderer@@AAEXXZ 0040cd00 f   CRenderer.obj
 0001:0000c610       ?RenderSky@CRenderer@@AAEXXZ 0040d610 f   CRenderer.obj
 0001:0000c950       ?Set@TVertexV1C@@QAEXMMMK@Z 0040d950 f i CRenderer.obj
 0001:0000c9c0       ?SetScreenPrjMatrix@@YAXXZ 0040d9c0 f   CRenderer.obj
 0001:0000cc20       ?load_cubemap@@YAHPBDH@Z   0040dc20 f   CRenderer.obj
 0001:0000cfc0       ?load_tex@@YAHPADHHH@Z     0040dfc0 f   CRenderer.obj
 0001:0000d090       ?load_texlist@@YAHPADPAIHHH@Z 0040e090 f   CRenderer.obj
 0001:0000d180       ?make_tex@@YAHPAEHHH@Z     0040e180 f   CRenderer.obj
 0001:0000d3c0       ___local_stdio_printf_options 0040e3c0 f i CRenderer.obj
 0001:0000d3e0       __vfprintf_l               0040e3e0 f i CRenderer.obj
 0001:0000d450       __vsnprintf_l              0040e450 f i CRenderer.obj
 0001:0000d4f0       __vsprintf_l               0040e4f0 f i CRenderer.obj
 0001:0000d550       _printf                    0040e550 f i CRenderer.obj
 0001:0000d5d0       _sprintf                   0040e5d0 f i CRenderer.obj
 0001:0000d640       ??0CRenderer@@QAE@XZ       0040e640 f i main.obj
 0001:0000d660       ?Display@@YAXXZ            0040e660 f   main.obj
 0001:0000db80       ?GetReflID@CRenderer@@QAEIXZ 0040eb80 f i main.obj
 0001:0000dbb0       ?Idle@@YAXXZ               0040ebb0 f   main.obj
 0001:0000dbf0       ?Keyboard@@YAXHHH@Z        0040ebf0 f   main.obj
 0001:0000dee0       ?KeyboardA@@YAXEHH@Z       0040eee0 f   main.obj
 0001:0000e0f0       ?Reshape@@YAXHH@Z          0040f0f0 f   main.obj
 0001:0000e270       _main                      0040f270 f   main.obj
 0001:0000e371       _cgCreateContext           0040f371 f   cg:cg.dll
 0001:0000e377       _cgGetLastListing          0040f377 f   cg:cg.dll
 0001:0000e37d       _cgCreateProgramFromFile   0040f37d f   cg:cg.dll
 0001:0000e383       _cgGetNamedParameter       0040f383 f   cg:cg.dll
 0001:0000e389       _cgGetError                0040f389 f   cg:cg.dll
 0001:0000e38f       _cgGetErrorString          0040f38f f   cg:cg.dll
 0001:0000e395       _cgGLEnableProfile         0040f395 f   cgGL:cgGL.dll
 0001:0000e39b       _cgGLDisableProfile        0040f39b f   cgGL:cgGL.dll
 0001:0000e3a1       _cgGLLoadProgram           0040f3a1 f   cgGL:cgGL.dll
 0001:0000e3a7       _cgGLBindProgram           0040f3a7 f   cgGL:cgGL.dll
 0001:0000e3ad       _cgGLSetParameter4f        0040f3ad f   cgGL:cgGL.dll
 0001:0000e3b3       _cgGLSetTextureParameter   0040f3b3 f   cgGL:cgGL.dll
 0001:0000e3b9       _cgGLEnableTextureParameter 0040f3b9 f   cgGL:cgGL.dll
 0001:0000e3bf       _cgGLDisableTextureParameter 0040f3bf f   cgGL:cgGL.dll
 0001:0000e3c5       _glutGet@4                 0040f3c5 f   glut32:glut32.dll
 0001:0000e3cb       _glutSolidSphere@16        0040f3cb f   glut32:glut32.dll
 0001:0000e3d1       _glutInitDisplayMode@4     0040f3d1 f   glut32:glut32.dll
 0001:0000e3d7       _glutInitWindowSize@8      0040f3d7 f   glut32:glut32.dll
 0001:0000e3dd       _glutMainLoop@0            0040f3dd f   glut32:glut32.dll
 0001:0000e3e3       ___glutCreateWindowWithExit@8 0040f3e3 f   glut32:glut32.dll
 0001:0000e3e9       _glutPostRedisplay@0       0040f3e9 f   glut32:glut32.dll
 0001:0000e3ef       _glutSwapBuffers@0         0040f3ef f   glut32:glut32.dll
 0001:0000e3f5       _glutDisplayFunc@4         0040f3f5 f   glut32:glut32.dll
 0001:0000e3fb       _glutReshapeFunc@4         0040f3fb f   glut32:glut32.dll
 0001:0000e401       _glutKeyboardFunc@4        0040f401 f   glut32:glut32.dll
 0001:0000e407       _glutIdleFunc@4            0040f407 f   glut32:glut32.dll
 0001:0000e40d       _glutSpecialFunc@4         0040f40d f   glut32:glut32.dll
 0001:0000e413       _glBegin@4                 0040f413 f   opengl32:OPENGL32.dll
 0001:0000e419       _glBindTexture@8           0040f419 f   opengl32:OPENGL32.dll
 0001:0000e41f       _glBlendFunc@8             0040f41f f   opengl32:OPENGL32.dll
 0001:0000e425       _glColor3f@12              0040f425 f   opengl32:OPENGL32.dll
 0001:0000e42b       _glDisable@4               0040f42b f   opengl32:OPENGL32.dll
 0001:0000e431       _glDisableClientState@4    0040f431 f   opengl32:OPENGL32.dll
 0001:0000e437       _glDrawElements@16         0040f437 f   opengl32:OPENGL32.dll
 0001:0000e43d       _glEnable@4                0040f43d f   opengl32:OPENGL32.dll
 0001:0000e443       _glEnableClientState@4     0040f443 f   opengl32:OPENGL32.dll
 0001:0000e449       _glEnd@0                   0040f449 f   opengl32:OPENGL32.dll
 0001:0000e44f       _glGenTextures@8           0040f44f f   opengl32:OPENGL32.dll
 0001:0000e455       _glGetFloatv@8             0040f455 f   opengl32:OPENGL32.dll
 0001:0000e45b       _glGetIntegerv@8           0040f45b f   opengl32:OPENGL32.dll
 0001:0000e461       _glLoadIdentity@0          0040f461 f   opengl32:OPENGL32.dll
 0001:0000e467       _glLoadMatrixf@4           0040f467 f   opengl32:OPENGL32.dll
 0001:0000e46d       _glMatrixMode@4            0040f46d f   opengl32:OPENGL32.dll
 0001:0000e473       _glMultMatrixf@4           0040f473 f   opengl32:OPENGL32.dll
 0001:0000e479       _glPopMatrix@0             0040f479 f   opengl32:OPENGL32.dll
 0001:0000e47f       _glPushMatrix@0            0040f47f f   opengl32:OPENGL32.dll
 0001:0000e485       _glRotatef@16              0040f485 f   opengl32:OPENGL32.dll
 0001:0000e48b       _glTexEnvi@12              0040f48b f   opengl32:OPENGL32.dll
 0001:0000e491       _glTexGenfv@12             0040f491 f   opengl32:OPENGL32.dll
 0001:0000e497       _glTexGeni@12              0040f497 f   opengl32:OPENGL32.dll
 0001:0000e49d       _glTexImage2D@36           0040f49d f   opengl32:OPENGL32.dll
 0001:0000e4a3       _glTexParameteri@12        0040f4a3 f   opengl32:OPENGL32.dll
 0001:0000e4a9       _glTranslatef@12           0040f4a9 f   opengl32:OPENGL32.dll
 0001:0000e4af       _glVertex3f@12             0040f4af f   opengl32:OPENGL32.dll
 0001:0000e4b5       _glVertexPointer@16        0040f4b5 f   opengl32:OPENGL32.dll
 0001:0000e4bb       _wglGetProcAddress@4       0040f4bb f   opengl32:OPENGL32.dll
 0001:0000e4c1       _glClear@4                 0040f4c1 f   opengl32:OPENGL32.dll
 0001:0000e4c7       _glClearColor@16           0040f4c7 f   opengl32:OPENGL32.dll
 0001:0000e4cd       _glCopyTexImage2D@32       0040f4cd f   opengl32:OPENGL32.dll
 0001:0000e4d3       _glCopyTexSubImage2D@32    0040f4d3 f   opengl32:OPENGL32.dll
 0001:0000e4d9       _glDepthFunc@4             0040f4d9 f   opengl32:OPENGL32.dll
 0001:0000e4df       _glPolygonMode@8           0040f4df f   opengl32:OPENGL32.dll
 0001:0000e4e5       _glScalef@12               0040f4e5 f   opengl32:OPENGL32.dll
 0001:0000e4eb       _glViewport@16             0040f4eb f   opengl32:OPENGL32.dll
 0001:0000e4f1       _gluPerspective@32         0040f4f1 f   glu32:GLU32.dll
 0001:0000e500       ??_U@YAPAXI@Z              0040f500 f   LIBCMTD:new_array.obj
 0001:0000e520       ??_V@YAXPAX@Z              0040f520 f   LIBCMTD:delete_array.obj
 0001:0000e540       @_RTC_AllocaHelper@12      0040f540 f   LIBCMTD:stack.obj
 0001:0000e580       @_RTC_CheckStackVars2@12   0040f580 f   LIBCMTD:stack.obj
 0001:0000e690       @_RTC_CheckStackVars@8     0040f690 f   LIBCMTD:stack.obj
 0001:0000e700       __RTC_CheckEsp             0040f700 f   LIBCMTD:stack.obj
 0001:0000e730       @__security_check_cookie@4 0040f730 f   LIBCMTD:secchk.obj
 0001:0000e750       __CRT_RTC_INIT             0040f750 f   LIBCMTD:init.obj
 0001:0000e760       __CRT_RTC_INITW            0040f760 f   LIBCMTD:init.obj
 0001:0000e770       __RTC_InitBase             0040f770 f   LIBCMTD:init.obj
 0001:0000e7b0       __RTC_Shutdown             0040f7b0 f   LIBCMTD:init.obj
 0001:0000eba0       ?configure_argv@__scrt_narrow_argv_policy@@SAHXZ 0040fba0 f i LIBCMTD:exe_main.obj
 0001:0000ebc0       ?initialize_environment@__scrt_narrow_environment_policy@@SAHXZ 0040fbc0 f i LIBCMTD:exe_main.obj
 0001:0000ec20       ?set_app_type@__scrt_main_policy@@SAXXZ 0040fc20 f i LIBCMTD:exe_main.obj
 0001:0000ec40       ?set_commode@__scrt_file_policy@@SAXXZ 0040fc40 f i LIBCMTD:exe_main.obj
 0001:0000ec60       ?set_fmode@__scrt_file_policy@@SAXXZ 0040fc60 f i LIBCMTD:exe_main.obj
 0001:0000ec80       _mainCRTStartup            0040fc80 f   LIBCMTD:exe_main.obj
 0001:0000ec90       ??2@YAPAXI@Z               0040fc90 f   LIBCMTD:new_scalar.obj
 0001:0000ecf0       ??3@YAXPAX@Z               0040fcf0 f   LIBCMTD:delete_scalar.obj
 0001:0000edc0       ?_RTC_AllocaFailure@@YAXPAXPAU_RTC_ALLOCA_NODE@@H@Z 0040fdc0 f   LIBCMTD:error.obj
 0001:0000eee0       ?_RTC_Failure@@YAXPAXH@Z   0040fee0 f   LIBCMTD:error.obj
 0001:0000ef50       ?_RTC_StackFailure@@YAXPAXPBD@Z 0040ff50 f   LIBCMTD:error.obj
 0001:0000f400       __RTC_UninitUse            00410400 f   LIBCMTD:error.obj
 0001:0000f4e0       __vsprintf_s_l             004104e0 f i LIBCMTD:error.obj
 0001:0000f520       _sprintf_s                 00410520 f i LIBCMTD:error.obj
 0001:0000f550       ___raise_securityfailure   00410550 f   LIBCMTD:gs_report.obj
 0001:0000f590       ___report_gsfailure        00410590 f   LIBCMTD:gs_report.obj
 0001:0000f6e0       ___report_rangecheckfailure 004106e0 f   LIBCMTD:gs_report.obj
 0001:0000f6f0       ___report_securityfailure  004106f0 f   LIBCMTD:gs_report.obj
 0001:0000f800       ___report_securityfailureEx 00410800 f   LIBCMTD:gs_report.obj
 0001:0000f970       ?_RTC_GetErrorFunc@@YAP6AHHPBDH00ZZPBX@Z 00410970 f   LIBCMTD:userapi.obj
 0001:0000f980       ?_RTC_GetErrorFuncW@@YAP6AHHPB_WH00ZZPBX@Z 00410980 f   LIBCMTD:userapi.obj
 0001:0000f990       __RTC_GetErrDesc           00410990 f   LIBCMTD:userapi.obj
 0001:0000f9b0       __RTC_NumErrors            004109b0 f   LIBCMTD:userapi.obj
 0001:0000f9c0       __RTC_SetErrorFunc         004109c0 f   LIBCMTD:userapi.obj
 0001:0000f9f0       __RTC_SetErrorFuncW        004109f0 f   LIBCMTD:userapi.obj
 0001:0000fa20       __RTC_SetErrorType         00410a20 f   LIBCMTD:userapi.obj
 0001:0000fb90       _NtCurrentTeb              00410b90 f i LIBCMTD:utility.obj
 0001:0000fba0       ___scrt_acquire_startup_lock 00410ba0 f   LIBCMTD:utility.obj
 0001:0000fc00       ___scrt_dllmain_after_initialize_c 00410c00 f   LIBCMTD:utility.obj
 0001:0000fc40       ___scrt_dllmain_before_initialize_c 00410c40 f   LIBCMTD:utility.obj
 0001:0000fc70       ___scrt_dllmain_crt_thread_attach 00410c70 f   LIBCMTD:utility.obj
 0001:0000fcb0       ___scrt_dllmain_crt_thread_detach 00410cb0 f   LIBCMTD:utility.obj
 0001:0000fcd0       ___scrt_dllmain_exception_filter 00410cd0 f   LIBCMTD:utility.obj
 0001:0000fd30       ___scrt_dllmain_uninitialize_c 00410d30 f   LIBCMTD:utility.obj
 0001:0000fd70       ___scrt_dllmain_uninitialize_critical 00410d70 f   LIBCMTD:utility.obj
 0001:0000fd90       ___scrt_initialize_crt     00410d90 f   LIBCMTD:utility.obj
 0001:0000fdf0       ___scrt_initialize_onexit_tables 00410df0 f   LIBCMTD:utility.obj
 0001:0000ff00       ___scrt_is_nonwritable_in_current_image 00410f00 f   LIBCMTD:utility.obj
 0001:00010080       ___scrt_release_startup_lock 00411080 f   LIBCMTD:utility.obj
 0001:000100b0       ___scrt_uninitialize_crt   004110b0 f   LIBCMTD:utility.obj
 0001:00010100       __onexit                   00411100 f   LIBCMTD:utility.obj
 0001:00010180       _at_quick_exit             00411180 f   LIBCMTD:utility.obj
 0001:000101d0       _atexit                    004111d0 f   LIBCMTD:utility.obj
 0001:000102a0       ___security_init_cookie    004112a0 f   LIBCMTD:gs_support.obj
 0001:00010340       __matherr                  00411340 f   LIBCMTD:matherr.obj
 0001:00010350       __get_startup_argv_mode    00411350 f   LIBCMTD:argv_mode.obj
 0001:00010360       __get_startup_commit_mode  00411360 f   LIBCMTD:commit_mode.obj
 0001:00010370       __get_startup_file_mode    00411370 f   LIBCMTD:file_mode.obj
 0001:00010380       __get_startup_new_mode     00411380 f   LIBCMTD:new_mode.obj
 0001:00010390       __get_startup_thread_locale_mode 00411390 f   LIBCMTD:thread_locale.obj
 0001:000103a0       ?__scrt_initialize_type_info@@YAXXZ 004113a0 f   LIBCMTD:tncleanup.obj
 0001:000103c0       ?__scrt_uninitialize_type_info@@YAXXZ 004113c0 f   LIBCMTD:tncleanup.obj
 0001:000103e0       __should_initialize_environment 004113e0 f   LIBCMTD:env_mode.obj
 0001:000103f0       __initialize_default_precision 004113f0 f   LIBCMTD:default_precision.obj
 0001:00010420       __initialize_invalid_parameter_handler 00411420 f   LIBCMTD:invalid_parameter_handler.obj
 0001:00010430       __initialize_denormal_control 00411430 f   LIBCMTD:denormal_control.obj
 0001:00010440       ___local_stdio_scanf_options 00411440 f i LIBCMTD:default_local_stdio_options.obj
 0001:00010450       ___scrt_initialize_default_local_stdio_options 00411450 f   LIBCMTD:default_local_stdio_options.obj
 0001:000104a0       ___scrt_is_user_matherr_present 004114a0 f   LIBCMTD:matherr_detection.obj
 0001:000104d0       ___scrt_get_dyn_tls_init_callback 004114d0 f   LIBCMTD:dyn_tls_init.obj
 0001:000104e0       ___scrt_get_dyn_tls_dtor_callback 004114e0 f   LIBCMTD:dyn_tls_dtor.obj
 0001:000104f0       ___scrt_fastfail           004114f0 f   LIBCMTD:utility_desktop.obj
 0001:00010680       ___scrt_get_show_window_mode 00411680 f   LIBCMTD:utility_desktop.obj
 0001:000106d0       ___scrt_initialize_mta     004116d0 f   LIBCMTD:utility_desktop.obj
 0001:000106e0       ___scrt_initialize_winrt   004116e0 f   LIBCMTD:utility_desktop.obj
 0001:000106f0       ___scrt_is_managed_app     004116f0 f   LIBCMTD:utility_desktop.obj
 0001:000107a0       ___scrt_set_unhandled_exception_filter 004117a0 f   LIBCMTD:utility_desktop.obj
 0001:000107c0       ___scrt_stub_for_initialize_mta 004117c0 f   LIBCMTD:utility_desktop.obj
 0001:000107c0       ___scrt_exe_initialize_mta 004117c0 f   LIBCMTD:utility_desktop.obj
 0001:000107d0       ___scrt_unhandled_exception_filter@4 004117d0 f   LIBCMTD:utility_desktop.obj
 0001:00010870       __crt_debugger_hook        00411870 f   LIBCMTD:utility_desktop.obj
 0001:00010890       __RTC_Initialize           00411890 f   LIBCMTD:initsect.obj
 0001:000108d0       __RTC_Terminate            004118d0 f   LIBCMTD:initsect.obj
 0001:00010910       @_guard_check_icall_nop@4  00411910 f i LIBCMTD:guard_support.obj
 0001:00010920       _ReadNoFence               00411920 f i LIBCMTD:guard_support.obj
 0001:00010940       _ReadPointerNoFence        00411940 f i LIBCMTD:guard_support.obj
 0001:00010960       ___castguard_check_failure_debugbreak 00411960 f i LIBCMTD:guard_support.obj
 0001:00010980       ___castguard_check_failure_fastfail 00411980 f i LIBCMTD:guard_support.obj
 0001:000109b0       ___castguard_check_failure_nop 004119b0 f i LIBCMTD:guard_support.obj
 0001:000109c0       ___castguard_check_failure_os_handled 004119c0 f i LIBCMTD:guard_support.obj
 0001:00010a60       ___castguard_slow_path_check_debugbreak 00411a60 f i LIBCMTD:guard_support.obj
 0001:00010aa0       ___castguard_slow_path_check_fastfail 00411aa0 f i LIBCMTD:guard_support.obj
 0001:00010af0       ___castguard_slow_path_check_nop 00411af0 f i LIBCMTD:guard_support.obj
 0001:00010b00       ___castguard_slow_path_check_os_handled 00411b00 f i LIBCMTD:guard_support.obj
 0001:00010bc0       __guard_icall_checks_enforced 00411bc0 f i LIBCMTD:guard_support.obj
 0001:00010c00       ??0bad_alloc@std@@AAE@QBD@Z 00411c00 f i LIBCMTD:throw_bad_alloc.obj
 0001:00010c30       ??0bad_alloc@std@@QAE@ABV01@@Z 00411c30 f i LIBCMTD:throw_bad_alloc.obj
 0001:00010c60       ??0bad_alloc@std@@QAE@XZ   00411c60 f i LIBCMTD:throw_bad_alloc.obj
 0001:00010c90       ??0bad_array_new_length@std@@QAE@ABV01@@Z 00411c90 f i LIBCMTD:throw_bad_alloc.obj
 0001:00010cc0       ??0bad_array_new_length@std@@QAE@XZ 00411cc0 f i LIBCMTD:throw_bad_alloc.obj
 0001:00010cf0       ??0exception@std@@QAE@ABV01@@Z 00411cf0 f i LIBCMTD:throw_bad_alloc.obj
 0001:00010d40       ??0exception@std@@QAE@QBDH@Z 00411d40 f i LIBCMTD:throw_bad_alloc.obj
 0001:00010d80       ??1bad_alloc@std@@UAE@XZ   00411d80 f i LIBCMTD:throw_bad_alloc.obj
 0001:00010da0       ??1bad_array_new_length@std@@UAE@XZ 00411da0 f i LIBCMTD:throw_bad_alloc.obj
 0001:00010dc0       ??1exception@std@@UAE@XZ   00411dc0 f i LIBCMTD:throw_bad_alloc.obj
 0001:00010df0       ??_Ebad_alloc@std@@UAEPAXI@Z 00411df0 f i LIBCMTD:throw_bad_alloc.obj
 0001:00010df0       ??_Gbad_alloc@std@@UAEPAXI@Z 00411df0 f i LIBCMTD:throw_bad_alloc.obj
 0001:00010e30       ??_Ebad_array_new_length@std@@UAEPAXI@Z 00411e30 f i LIBCMTD:throw_bad_alloc.obj
 0001:00010e30       ??_Gbad_array_new_length@std@@UAEPAXI@Z 00411e30 f i LIBCMTD:throw_bad_alloc.obj
 0001:00010e70       ??_Gexception@std@@UAEPAXI@Z 00411e70 f i LIBCMTD:throw_bad_alloc.obj
 0001:00010e70       ??_Eexception@std@@UAEPAXI@Z 00411e70 f i LIBCMTD:throw_bad_alloc.obj
 0001:00010eb0       ?__scrt_throw_std_bad_alloc@@YAXXZ 00411eb0 f   LIBCMTD:throw_bad_alloc.obj
 0001:00010ee0       ?__scrt_throw_std_bad_array_new_length@@YAXXZ 00411ee0 f   LIBCMTD:throw_bad_alloc.obj
 0001:00010f10       ?what@exception@std@@UBEPBDXZ 00411f10 f i LIBCMTD:throw_bad_alloc.obj
 0001:000114e0       ?_RTC_GetSrcLine@@YAHPAEPA_WKPAH1K@Z 004124e0 f   LIBCMTD:pdblkup.obj
 0001:00011940       __except_handler4_noexcept 00412940 f   LIBCMTD:chandler4_noexcept.obj
 0001:000119c0       ___isa_available_init      004129c0 f   LIBCMTD:cpu_disp.obj
 0001:00011dc0       ___scrt_is_ucrt_dll_in_use 00412dc0 f   LIBCMTD:ucrt_detection.obj
 0001:00011df0       ??3@YAXPAXI@Z              00412df0 f   LIBCMTD:delete_scalar_size.obj
 0001:00011e10       ??1type_info@@UAE@XZ       00412e10 f   LIBCMTD:std_type_info_static.obj
 0001:00011e30       ??_Etype_info@@UAEPAXI@Z   00412e30 f i LIBCMTD:std_type_info_static.obj
 0001:00011e30       ??_Gtype_info@@UAEPAXI@Z   00412e30 f i LIBCMTD:std_type_info_static.obj
 0001:00011e70       _memcpy                    00412e70 f   libvcruntimed:memcpy.obj
 0001:000125d0       __except_handler4          004135d0 f   libvcruntimed:chandler4.obj
 0001:00012830       ___vcrt_initialize         00413830 f   libvcruntimed:initialization.obj
 0001:00012870       ___vcrt_thread_attach      00413870 f   libvcruntimed:initialization.obj
 0001:00012890       ___vcrt_thread_detach      00413890 f   libvcruntimed:initialization.obj
 0001:000128b0       ___vcrt_uninitialize       004138b0 f   libvcruntimed:initialization.obj
 0001:000128d0       ___vcrt_uninitialize_critical 004138d0 f   libvcruntimed:initialization.obj
 0001:00012930       ??$?RD@__crt_internal_free_policy@@QBEXQBD@Z 00413930 f i libvcruntimed:std_type_info.obj
 0001:00012960       ??$?RX@__crt_internal_free_policy@@QBEXQBX@Z 00413960 f i libvcruntimed:std_type_info.obj
 0001:00012990       ??$__crt_interlocked_compare_exchange_pointer@$$CBDPAD$$T@@YAPBDPDSBDQAD$$T@Z 00413990 f i libvcruntimed:std_type_info.obj
 0001:000129b0       ??$__crt_interlocked_read_pointer@$$CBD@@YAPBDPDSBD@Z 004139b0 f i libvcruntimed:std_type_info.obj
 0001:000129d0       ??0?$__crt_unique_heap_ptr@DU__crt_internal_free_policy@@@@QAE@QAD@Z 004139d0 f i libvcruntimed:std_type_info.obj
 0001:000129f0       ??0?$__crt_unique_heap_ptr@XU__crt_internal_free_policy@@@@QAE@QAX@Z 004139f0 f i libvcruntimed:std_type_info.obj
 0001:00012a10       ??1?$__crt_unique_heap_ptr@DU__crt_internal_free_policy@@@@QAE@XZ 00413a10 f i libvcruntimed:std_type_info.obj
 0001:00012a30       ??1?$__crt_unique_heap_ptr@XU__crt_internal_free_policy@@@@QAE@XZ 00413a30 f i libvcruntimed:std_type_info.obj
 0001:00012a50       ??B?$__crt_unique_heap_ptr@DU__crt_internal_free_policy@@@@QBE_NXZ 00413a50 f i libvcruntimed:std_type_info.obj
 0001:00012a70       ??B?$__crt_unique_heap_ptr@XU__crt_internal_free_policy@@@@QBE_NXZ 00413a70 f i libvcruntimed:std_type_info.obj
 0001:00012b30       ?__crt_interlocked_read_32@@YAHPDH@Z 00413b30 f i libvcruntimed:std_type_info.obj
 0001:00012b50       ?detach@?$__crt_unique_heap_ptr@XU__crt_internal_free_policy@@@@QAEPAXXZ 00413b50 f i libvcruntimed:std_type_info.obj
 0001:00012b80       ?get@?$__crt_unique_heap_ptr@DU__crt_internal_free_policy@@@@QBEPADXZ 00413b80 f i libvcruntimed:std_type_info.obj
 0001:00012ba0       ?get@?$__crt_unique_heap_ptr@XU__crt_internal_free_policy@@@@QBEPAXXZ 00413ba0 f i libvcruntimed:std_type_info.obj
 0001:00012bc0       ?is_valid@?$__crt_unique_heap_ptr@DU__crt_internal_free_policy@@@@QBE_NXZ 00413bc0 f i libvcruntimed:std_type_info.obj
 0001:00012c00       ?is_valid@?$__crt_unique_heap_ptr@XU__crt_internal_free_policy@@@@QBE_NXZ 00413c00 f i libvcruntimed:std_type_info.obj
 0001:00012c40       ?release@?$__crt_unique_heap_ptr@DU__crt_internal_free_policy@@@@QAEXXZ 00413c40 f i libvcruntimed:std_type_info.obj
 0001:00012c70       ?release@?$__crt_unique_heap_ptr@XU__crt_internal_free_policy@@@@QAEXXZ 00413c70 f i libvcruntimed:std_type_info.obj
 0001:00012ca0       ___std_type_info_compare   00413ca0 f   libvcruntimed:std_type_info.obj
 0001:00012cd0       ___std_type_info_destroy_list 00413cd0 f   libvcruntimed:std_type_info.obj
 0001:00012d20       ___std_type_info_hash      00413d20 f   libvcruntimed:std_type_info.obj
 0001:00012d90       ___std_type_info_name      00413d90 f   libvcruntimed:std_type_info.obj
 0001:00012fe0       ___DestructExceptionObject 00413fe0 f   libvcruntimed:ehhelpers.obj
 0001:00013150       ?_CallMemberFunction0@@YGXQAX0@Z 00414150 f i libvcruntimed:ehhelpers.obj
 0001:00013220       ?raw_name@type_info@@QBEPBDXZ 00414220 f i libvcruntimed:ehhelpers.obj
 0001:00013240       __IsExceptionObjectToBeDestroyed 00414240 f   libvcruntimed:ehhelpers.obj
 0001:00013290       __SetWinRTOutOfMemoryExceptionCallback 00414290 f   libvcruntimed:ehhelpers.obj
 0001:000132a0       ___AdjustPointer           004142a0 f   libvcruntimed:ehhelpers.obj
 0001:00013300       ___FrameUnwindFilter       00414300 f   libvcruntimed:ehhelpers.obj
 0001:000133b0       ___GetPlatformExceptionInfo 004143b0 f   libvcruntimed:ehhelpers.obj
 0001:00013450       ___current_exception       00414450 f   libvcruntimed:ehhelpers.obj
 0001:00013460       ___current_exception_context 00414460 f   libvcruntimed:ehhelpers.obj
 0001:00013470       ___processing_throw        00414470 f   libvcruntimed:ehhelpers.obj
 0001:00013480       ___std_terminate           00414480 f   libvcruntimed:ehhelpers.obj
 0001:00013490       __is_exception_typeof      00414490 f   libvcruntimed:ehhelpers.obj
 0001:000135a0       _memset                    004145a0 f   libvcruntimed:memset.obj
 0001:00013750       ??$?RD@__crt_public_free_policy@@QBEXQBD@Z 00414750 f i libvcruntimed:std_exception.obj
 0001:00013770       ??0?$__crt_unique_heap_ptr@DU__crt_public_free_policy@@@@QAE@QAD@Z 00414770 f i libvcruntimed:std_exception.obj
 0001:00013790       ??1?$__crt_unique_heap_ptr@DU__crt_public_free_policy@@@@QAE@XZ 00414790 f i libvcruntimed:std_exception.obj
 0001:000137b0       ??B?$__crt_unique_heap_ptr@DU__crt_public_free_policy@@@@QBE_NXZ 004147b0 f i libvcruntimed:std_exception.obj
 0001:000137d0       ?detach@?$__crt_unique_heap_ptr@DU__crt_public_free_policy@@@@QAEPADXZ 004147d0 f i libvcruntimed:std_exception.obj
 0001:00013800       ?get@?$__crt_unique_heap_ptr@DU__crt_public_free_policy@@@@QBEPADXZ 00414800 f i libvcruntimed:std_exception.obj
 0001:00013820       ?is_valid@?$__crt_unique_heap_ptr@DU__crt_public_free_policy@@@@QBE_NXZ 00414820 f i libvcruntimed:std_exception.obj
 0001:00013860       ?release@?$__crt_unique_heap_ptr@DU__crt_public_free_policy@@@@QAEXXZ 00414860 f i libvcruntimed:std_exception.obj
 0001:00013890       ___std_exception_copy      00414890 f   libvcruntimed:std_exception.obj
 0001:000139c0       ___std_exception_destroy   004149c0 f   libvcruntimed:std_exception.obj
 0001:00013a00       __CxxThrowException@8      00414a00 f   libvcruntimed:throw.obj
 0001:00013ad0       ___vcrt_GetModuleFileNameW 00414ad0 f   libvcruntimed:winapi_thunks.obj
 0001:00013af0       ___vcrt_GetModuleHandleW   00414af0 f   libvcruntimed:winapi_thunks.obj
 0001:00013b10       ___vcrt_LoadLibraryExW     00414b10 f   libvcruntimed:winapi_thunks.obj
 0001:00013b30       __local_unwind4            00414b30 f   libvcruntimed:exsup4.obj
 0001:00013c60       __seh_longjmp_unwind4@4    00414c60 f   libvcruntimed:exsup4.obj
 0001:00013ca0       @_EH4_CallFilterFunc@8     00414ca0 f   libvcruntimed:exsup4.obj
 0001:00013cc0       @_EH4_TransferToHandler@8  00414cc0 f   libvcruntimed:exsup4.obj
 0001:00013ce0       @_EH4_GlobalUnwind2@8      00414ce0 f   libvcruntimed:exsup4.obj
 0001:00013d00       @_EH4_LocalUnwind@16       00414d00 f   libvcruntimed:exsup4.obj
 0001:00013d30       ___except_validate_context_record 00414d30 f   libvcruntimed:jbcxrval.obj
 0001:00013d90       ___except_validate_jump_buffer 00414d90 f   libvcruntimed:jbcxrval.obj
 0001:00013db0       ___except_validate_jump_buffer_common 00414db0 f i libvcruntimed:jbcxrval.obj
 0001:00013e20       ??$?RU__vcrt_ptd@@@__crt_internal_free_policy@@QBEXQBU__vcrt_ptd@@@Z 00414e20 f i libvcruntimed:per_thread_data.obj
 0001:00013e50       ??0?$__crt_unique_heap_ptr@U__vcrt_ptd@@U__crt_internal_free_policy@@@@QAE@QAU__vcrt_ptd@@@Z 00414e50 f i libvcruntimed:per_thread_data.obj
 0001:00013e90       ??1?$__crt_unique_heap_ptr@U__vcrt_ptd@@U__crt_internal_free_policy@@@@QAE@XZ 00414e90 f i libvcruntimed:per_thread_data.obj
 0001:00013ed0       ??B?$__crt_unique_heap_ptr@U__vcrt_ptd@@U__crt_internal_free_policy@@@@QBE_NXZ 00414ed0 f i libvcruntimed:per_thread_data.obj
 0001:00013ef0       ?detach@?$__crt_unique_heap_ptr@U__vcrt_ptd@@U__crt_internal_free_policy@@@@QAEPAU__vcrt_ptd@@XZ 00414ef0 f i libvcruntimed:per_thread_data.obj
 0001:00013f20       ?get@?$__crt_unique_heap_ptr@U__vcrt_ptd@@U__crt_internal_free_policy@@@@QBEPAU__vcrt_ptd@@XZ 00414f20 f i libvcruntimed:per_thread_data.obj
 0001:00013f40       ?is_valid@?$__crt_unique_heap_ptr@U__vcrt_ptd@@U__crt_internal_free_policy@@@@QBE_NXZ 00414f40 f i libvcruntimed:per_thread_data.obj
 0001:00013f80       ?release@?$__crt_unique_heap_ptr@U__vcrt_ptd@@U__crt_internal_free_policy@@@@QAEXXZ 00414f80 f i libvcruntimed:per_thread_data.obj
 0001:00013fe0       ___vcrt_freefls@4          00414fe0 f   libvcruntimed:per_thread_data.obj
 0001:00014010       ___vcrt_freeptd            00415010 f   libvcruntimed:per_thread_data.obj
 0001:00014080       ___vcrt_getptd             00415080 f   libvcruntimed:per_thread_data.obj
 0001:000140b0       ___vcrt_getptd_noexit      004150b0 f   libvcruntimed:per_thread_data.obj
 0001:00014260       ___vcrt_getptd_noinit      00415260 f   libvcruntimed:per_thread_data.obj
 0001:000142d0       ___vcrt_initialize_ptd     004152d0 f   libvcruntimed:per_thread_data.obj
 0001:00014330       ___vcrt_uninitialize_ptd   00415330 f   libvcruntimed:per_thread_data.obj
 0001:00014370       ___vcrt_initialize_locks   00415370 f   libvcruntimed:locks.obj
 0001:000143e0       ___vcrt_lock               004153e0 f   libvcruntimed:locks.obj
 0001:00014400       ___vcrt_uninitialize_locks 00415400 f   libvcruntimed:locks.obj
 0001:00014460       ___vcrt_unlock             00415460 f   libvcruntimed:locks.obj
 0001:00014480       ??$?0$00@DName@@QAE@PBDU?$StringLifeSelector@$00@@@Z 00415480 f i libvcruntimed:undname.obj
 0001:000144f0       ??$?0$00@pcharNode@@QAE@PBDHU?$StringLifeSelector@$00@@@Z 004154f0 f i libvcruntimed:undname.obj
 0001:00014530       ??$?0$01@DName@@QAE@PBDU?$StringLifeSelector@$01@@@Z 00415530 f i libvcruntimed:undname.obj
 0001:000145a0       ??$?0$01@pcharNode@@QAE@PBDHU?$StringLifeSelector@$01@@@Z 004155a0 f i libvcruntimed:undname.obj
 0001:00014640       ??$?0$0A@@DName@@QAE@PBDU?$StringLifeSelector@$0A@@@@Z 00415640 f i libvcruntimed:undname.obj
 0001:000146b0       ??$?0$0A@@pcharNode@@QAE@PBDHU?$StringLifeSelector@$0A@@@@Z 004156b0 f i libvcruntimed:undname.obj
 0001:00014750       ??$?0_K$0A@@?$optional@_K@std@@QAE@$$QA_K@Z 00415750 f i libvcruntimed:undname.obj
 0001:000147a0       ??$?0_K@?$_Optional_construct_base@_K@std@@QAE@Uin_place_t@1@$$QA_K@Z 004157a0 f i libvcruntimed:undname.obj
 0001:000147d0       ??$?0_K@?$_Optional_destruct_base@_K$00@std@@QAE@Uin_place_t@1@$$QA_K@Z 004157d0 f i libvcruntimed:undname.obj
 0001:00014810       ??$append@VDNameNode@@@DName@@AAEXPBVDNameNode@@@Z 00415810 f i libvcruntimed:undname.obj
 0001:000148c0       ??$append@VDNameStatusNode@@@DName@@AAEXPBVDNameStatusNode@@@Z 004158c0 f i libvcruntimed:undname.obj
 0001:00014970       ??$append@VcharNode@@@DName@@AAEXPBVcharNode@@@Z 00415970 f i libvcruntimed:undname.obj
 0001:00014a20       ??$append@VpDNameNode@@@DName@@AAEXPBVpDNameNode@@@Z 00415a20 f i libvcruntimed:undname.obj
 0001:00014ad0       ??$append@VpcharNode@@@DName@@AAEXPBVpcharNode@@@Z 00415ad0 f i libvcruntimed:undname.obj
 0001:00014b80       ??$doPchar@$00@DName@@AAEXPBDH@Z 00415b80 f i libvcruntimed:undname.obj
 0001:00014cd0       ??$doPchar@$01@DName@@AAEXPBDH@Z 00415cd0 f i libvcruntimed:undname.obj
 0001:00014e20       ??$doPchar@$0A@@DName@@AAEXPBDH@Z 00415e20 f i libvcruntimed:undname.obj
 0001:00014f70       ??$forward@_K@std@@YA$$QA_KAA_K@Z 00415f70 f i libvcruntimed:undname.obj
 0001:00014f80       ??$size@D$04@std@@YAIAAY04$$CBD@Z 00415f80 f i libvcruntimed:undname.obj
 0001:00014f90       ??$size@D$0EB@@std@@YAIAAY0EB@$$CBD@Z 00415f90 f i libvcruntimed:undname.obj
 0001:00014fa0       ??0?$_Optional_construct_base@_K@std@@QAE@XZ 00415fa0 f i libvcruntimed:undname.obj
 0001:00014fc0       ??0?$_Optional_destruct_base@_K$00@std@@QAE@XZ 00415fc0 f i libvcruntimed:undname.obj
 0001:00014ff0       ??0?$optional@_K@std@@QAE@XZ 00415ff0 f i libvcruntimed:undname.obj
 0001:00015010       ??0Block@_HeapManager@@QAE@XZ 00416010 f i libvcruntimed:undname.obj
 0001:00015030       ??0DName@@QAE@AAPBDD@Z     00416030 f   libvcruntimed:undname.obj
 0001:00015200       ??0DName@@QAE@ABUStringLiteral@@@Z 00416200 f   libvcruntimed:undname.obj
 0001:00015260       ??0DName@@QAE@ABV0@@Z      00416260 f i libvcruntimed:undname.obj
 0001:00015290       ??0DName@@QAE@D@Z          00416290 f   libvcruntimed:undname.obj
 0001:000152d0       ??0DName@@QAE@PAV0@@Z      004162d0 f   libvcruntimed:undname.obj
 0001:000153b0       ??0DName@@QAE@W4DNameStatus@@@Z 004163b0 f   libvcruntimed:undname.obj
 0001:00015470       ??0DName@@QAE@XZ           00416470 f i libvcruntimed:undname.obj
 0001:000154a0       ??0DName@@QAE@_J@Z         004164a0 f   libvcruntimed:undname.obj
 0001:000155c0       ??0DName@@QAE@_K@Z         004165c0 f   libvcruntimed:undname.obj
 0001:00015690       ??0DNameNode@@IAE@XZ       00416690 f i libvcruntimed:undname.obj
 0001:000156b0       ??0Replicator@@QAE@XZ      004166b0 f i libvcruntimed:undname.obj
 0001:00015700       ??0UnDecorator@@QAE@PBDP6APADJ@ZK@Z 00416700 f i libvcruntimed:undname.obj
 0001:000157a0       ??0_Nontrivial_dummy_type@std@@QAE@XZ 004167a0 f i libvcruntimed:undname.obj
 0001:000157c0       ??0charNode@@QAE@D@Z       004167c0 f i libvcruntimed:undname.obj
 0001:00015800       ??0pDNameNode@@QAE@PAVDName@@@Z 00416800 f   libvcruntimed:undname.obj
 0001:00015880       ??0pairNode@@QAE@PBVDNameNode@@0@Z 00416880 f i libvcruntimed:undname.obj
 0001:000158f0       ??2@YAPAXIAAV_HeapManager@@H@Z 004168f0 f   libvcruntimed:undname.obj
 0001:00015940       ??4DName@@QAEAAV0@ABUStringLiteral@@@Z 00416940 f   libvcruntimed:undname.obj
 0001:00015990       ??4DName@@QAEAAV0@ABV0@@Z  00416990 f   libvcruntimed:undname.obj
 0001:000159c0       ??4DName@@QAEAAV0@D@Z      004169c0 f i libvcruntimed:undname.obj
 0001:00015a00       ??4DName@@QAEAAV0@PAV0@@Z  00416a00 f   libvcruntimed:undname.obj
 0001:00015ac0       ??4DName@@QAEAAV0@W4DNameStatus@@@Z 00416ac0 f   libvcruntimed:undname.obj
 0001:00015b60       ??AReplicator@@QBE?AVDName@@H@Z 00416b60 f   libvcruntimed:undname.obj
 0001:00015be0       ??B?$optional@_K@std@@QBE_NXZ 00416be0 f i libvcruntimed:undname.obj
 0001:00015c00       ??D?$optional@_K@std@@QGAEAA_KXZ 00416c00 f i libvcruntimed:undname.obj
 0001:00015c80       ??H@YA?AVDName@@ABUStringLiteral@@ABV0@@Z 00416c80 f i libvcruntimed:undname.obj
 0001:00015cc0       ??H@YA?AVDName@@DABV0@@Z   00416cc0 f i libvcruntimed:undname.obj
 0001:00015d00       ??H@YA?AVDName@@W4DNameStatus@@ABV0@@Z 00416d00 f i libvcruntimed:undname.obj
 0001:00015d40       ??HDName@@QBE?AV0@ABUStringLiteral@@@Z 00416d40 f   libvcruntimed:undname.obj
 0001:00015d90       ??HDName@@QBE?AV0@ABV0@@Z  00416d90 f   libvcruntimed:undname.obj
 0001:00015de0       ??HDName@@QBE?AV0@D@Z      00416de0 f   libvcruntimed:undname.obj
 0001:00015e30       ??HDName@@QBE?AV0@PAV0@@Z  00416e30 f   libvcruntimed:undname.obj
 0001:00015e80       ??HDName@@QBE?AV0@W4DNameStatus@@@Z 00416e80 f   libvcruntimed:undname.obj
 0001:00015ed0       ??HStringLiteral@@QBE?AU0@H@Z 00416ed0 f i libvcruntimed:undname.obj
 0001:00015f10       ??YDName@@QAEAAV0@ABUStringLiteral@@@Z 00416f10 f   libvcruntimed:undname.obj
 0001:00015fd0       ??YDName@@QAEAAV0@ABV0@@Z  00416fd0 f   libvcruntimed:undname.obj
 0001:00016090       ??YDName@@QAEAAV0@D@Z      00417090 f   libvcruntimed:undname.obj
 0001:00016130       ??YDName@@QAEAAV0@PAV0@@Z  00417130 f   libvcruntimed:undname.obj
 0001:00016210       ??YDName@@QAEAAV0@W4DNameStatus@@@Z 00417210 f   libvcruntimed:undname.obj
 0001:00016290       ??YReplicator@@QAEAAV0@ABVDName@@@Z 00417290 f   libvcruntimed:undname.obj
 0001:00016340       ??_5DName@@QAEAAV0@ABV0@@Z 00417340 f   libvcruntimed:undname.obj
 0001:000163b0       ??__K_l@@YA?AUStringLiteral@@PBDI@Z 004173b0 f i libvcruntimed:undname.obj
 0001:000163e0       ?Constructor@_HeapManager@@QAEXP6APAXI@ZP6AXPAX@Z@Z 004173e0 f i libvcruntimed:undname.obj
 0001:00016430       ?Destructor@_HeapManager@@QAEXXZ 00417430 f i libvcruntimed:undname.obj
 0001:000164d0       ?UScore@UnDecorator@@SA?AUStringLiteral@@W4Tokens@@@Z 004174d0 f   libvcruntimed:undname.obj
 0001:00016530       ?composeDeclaration@UnDecorator@@CA?AVDName@@ABV2@@Z 00417530 f i libvcruntimed:undname.obj
 0001:00018c80       ?dbGetString@DName@@QBEPADXZ 00419c80 f   libvcruntimed:undname.obj
 0001:00018cb0       ?doAccessSpecifiers@UnDecorator@@SAHXZ 00419cb0 f i libvcruntimed:undname.obj
 0001:00018ce0       ?doAllocationLanguage@UnDecorator@@SAHXZ 00419ce0 f i libvcruntimed:undname.obj
 0001:00018d10       ?doAllocationModel@UnDecorator@@SAHXZ 00419d10 f i libvcruntimed:undname.obj
 0001:00018d40       ?doEcsu@UnDecorator@@SAHXZ 00419d40 f i libvcruntimed:undname.obj
 0001:00018d70       ?doEllipsis@UnDecorator@@SAHXZ 00419d70 f i libvcruntimed:undname.obj
 0001:00018da0       ?doFunctionReturns@UnDecorator@@SAHXZ 00419da0 f i libvcruntimed:undname.obj
 0001:00018dd0       ?doMSKeywords@UnDecorator@@SAHXZ 00419dd0 f i libvcruntimed:undname.obj
 0001:00018e00       ?doMemberTypes@UnDecorator@@SAHXZ 00419e00 f i libvcruntimed:undname.obj
 0001:00018e30       ?doNameOnly@UnDecorator@@SAHXZ 00419e30 f i libvcruntimed:undname.obj
 0001:00018e50       ?doNoIdentCharCheck@UnDecorator@@SAHXZ 00419e50 f i libvcruntimed:undname.obj
 0001:00018e70       ?doPchar@DName@@AAEXD@Z    00419e70 f   libvcruntimed:undname.obj
 0001:00018f00       ?doPtr64@UnDecorator@@SAHXZ 00419f00 f i libvcruntimed:undname.obj
 0001:00018f30       ?doRestrictionSpec@UnDecorator@@SAHXZ 00419f30 f i libvcruntimed:undname.obj
 0001:00018f60       ?doThisTypes@UnDecorator@@SAHXZ 00419f60 f i libvcruntimed:undname.obj
 0001:00018fa0       ?doThrowTypes@UnDecorator@@SAHXZ 00419fa0 f i libvcruntimed:undname.obj
 0001:00018fd0       ?doTypeOnly@UnDecorator@@SAHXZ 00419fd0 f i libvcruntimed:undname.obj
 0001:00018ff0       ?doUnderScore@UnDecorator@@SAHXZ 00419ff0 f i libvcruntimed:undname.obj
 0001:00019020       ?getAddressOf@UnDecorator@@CA?AVDName@@XZ 0041a020 f   libvcruntimed:undname.obj
 0001:000190c0       ?getArgumentList@UnDecorator@@CA?AVDName@@XZ 0041a0c0 f   libvcruntimed:undname.obj
 0001:00019260       ?getArgumentTypes@UnDecorator@@CA?AVDName@@XZ 0041a260 f   libvcruntimed:undname.obj
 0001:000194f0       ?getArrayAccess@UnDecorator@@CA?AVDName@@XZ 0041a4f0 f   libvcruntimed:undname.obj
 0001:000195b0       ?getArrayObject@UnDecorator@@CA?AVDName@@XZ 0041a5b0 f   libvcruntimed:undname.obj
 0001:000196d0       ?getArrayType@UnDecorator@@CA?AVDName@@ABV2@@Z 0041a6d0 f i libvcruntimed:undname.obj
 0001:00019a10       ?getBasedType@UnDecorator@@CA?AVDName@@XZ 0041aa10 f   libvcruntimed:undname.obj
 0001:00019b40       ?getBasicDataType@UnDecorator@@CA?AVDName@@ABV2@@Z 0041ab40 f   libvcruntimed:undname.obj
 0001:0001a710       ?getCHPEName@UnDecorator@@QAEPADPADH@Z 0041b710 f i libvcruntimed:undname.obj
 0001:0001a8d0       ?getCallIndex@UnDecorator@@CA?AVDName@@XZ 0041b8d0 f i libvcruntimed:undname.obj
 0001:0001a8f0       ?getCallingConvention@UnDecorator@@CA?AVDName@@XZ 0041b8f0 f   libvcruntimed:undname.obj
 0001:0001abb0       ?getDataIndirectType@UnDecorator@@CA?AVDName@@ABV2@W4IndirectionKind@@0H@Z 0041bbb0 f   libvcruntimed:undname.obj
 0001:0001b710       ?getDataIndirectType@UnDecorator@@CA?AVDName@@XZ 0041c710 f i libvcruntimed:undname.obj
 0001:0001b760       ?getDataType@UnDecorator@@CA?AVDName@@PAV2@@Z 0041c760 f   libvcruntimed:undname.obj
 0001:0001b8f0       ?getDecoratedName@UnDecorator@@CA?AVDName@@XZ 0041c8f0 f   libvcruntimed:undname.obj
 0001:0001be30       ?getDimension@UnDecorator@@CA?AVDName@@_N@Z 0041ce30 f   libvcruntimed:undname.obj
 0001:0001c130       ?getDispatchTarget@UnDecorator@@CA?AVDName@@XZ 0041d130 f   libvcruntimed:undname.obj
 0001:0001c200       ?getDisplacement@UnDecorator@@CA?AVDName@@XZ 0041d200 f i libvcruntimed:undname.obj
 0001:0001c220       ?getECSUDataType@UnDecorator@@CA?AVDName@@XZ 0041d220 f   libvcruntimed:undname.obj
 0001:0001c510       ?getECSUName@UnDecorator@@CA?AVDName@@XZ 0041d510 f i libvcruntimed:undname.obj
 0001:0001c530       ?getEnumType@UnDecorator@@CA?AVDName@@XZ 0041d530 f i libvcruntimed:undname.obj
 0001:0001c760       ?getExtendedDataIndirectType@UnDecorator@@CA?AVDName@@AAW4IndirectionKind@@AA_NH@Z 0041d760 f   libvcruntimed:undname.obj
 0001:0001ca40       ?getExternalDataType@UnDecorator@@CA?AVDName@@ABV2@@Z 0041da40 f i libvcruntimed:undname.obj
 0001:0001cb00       ?getFloatingPoint@UnDecorator@@CA?AVDName@@H@Z 0041db00 f   libvcruntimed:undname.obj
 0001:0001cd30       ?getFunctionIndirectType@UnDecorator@@CA?AVDName@@ABV2@@Z 0041dd30 f   libvcruntimed:undname.obj
 0001:0001d350       ?getGuardNumber@UnDecorator@@CA?AVDName@@XZ 0041e350 f i libvcruntimed:undname.obj
 0001:0001d370       ?getLastChar@DName@@QBEDXZ 0041e370 f i libvcruntimed:undname.obj
 0001:0001d3c0       ?getLastChar@DNameStatusNode@@UBEDXZ 0041e3c0 f i libvcruntimed:undname.obj
 0001:0001d400       ?getLastChar@charNode@@UBEDXZ 0041e400 f i libvcruntimed:undname.obj
 0001:0001d420       ?getLastChar@pDNameNode@@UBEDXZ 0041e420 f i libvcruntimed:undname.obj
 0001:0001d460       ?getLastChar@pairNode@@UBEDXZ 0041e460 f i libvcruntimed:undname.obj
 0001:0001d4e0       ?getLastChar@pcharNode@@UBEDXZ 0041e4e0 f i libvcruntimed:undname.obj
 0001:0001d520       ?getLexicalFrame@UnDecorator@@CA?AVDName@@XZ 0041e520 f i libvcruntimed:undname.obj
 0001:0001d570       ?getMemberAccess@UnDecorator@@CA?AVDName@@XZ 0041e570 f   libvcruntimed:undname.obj
 0001:0001d620       ?getMemoryWithBuffer@_HeapManager@@QAEPAXI@Z 0041e620 f   libvcruntimed:undname.obj
 0001:0001d740       ?getMemoryWithoutBuffer@_HeapManager@@QAEPAXI@Z 0041e740 f   libvcruntimed:undname.obj
 0001:0001d790       ?getNoexcept@UnDecorator@@CA?AVDName@@XZ 0041e790 f   libvcruntimed:undname.obj
 0001:0001d830       ?getNumberOfDimensions@UnDecorator@@CAHXZ 0041e830 f   libvcruntimed:undname.obj
 0001:0001d970       ?getOperatorName@UnDecorator@@CA?AVDName@@_NPA_N@Z 0041e970 f i libvcruntimed:undname.obj
 0001:0001e730       ?getPointerToMember@UnDecorator@@CA?AVDName@@XZ 0041f730 f   libvcruntimed:undname.obj
 0001:0001e860       ?getPointerType@UnDecorator@@CA?AVDName@@ABV2@0@Z 0041f860 f i libvcruntimed:undname.obj
 0001:0001e890       ?getPointerTypeArray@UnDecorator@@CA?AVDName@@ABV2@0@Z 0041f890 f i libvcruntimed:undname.obj
 0001:0001e8c0       ?getPrimaryDataType@UnDecorator@@CA?AVDName@@ABV2@@Z 0041f8c0 f   libvcruntimed:undname.obj
 0001:0001ee70       ?getPtrRefDataType@UnDecorator@@CA?AVDName@@ABV2@H@Z 0041fe70 f   libvcruntimed:undname.obj
 0001:0001f1c0       ?getPtrRefType@UnDecorator@@CA?AVDName@@ABV2@0W4IndirectionKind@@@Z 004201c0 f   libvcruntimed:undname.obj
 0001:0001f3a0       ?getReferenceType@UnDecorator@@CA?AVDName@@ABV2@0W4IndirectionKind@@@Z 004203a0 f i libvcruntimed:undname.obj
 0001:0001f3d0       ?getRestrictionSpec@UnDecorator@@CA?AVDName@@XZ 004203d0 f   libvcruntimed:undname.obj
 0001:0001f600       ?getReturnType@UnDecorator@@CA?AVDName@@PAV2@@Z 00420600 f   libvcruntimed:undname.obj
 0001:0001f660       ?getScope@UnDecorator@@CA?AVDName@@XZ 00420660 f   libvcruntimed:undname.obj
 0001:0001fd50       ?getScopedName@UnDecorator@@CA?AVDName@@XZ 00420d50 f   libvcruntimed:undname.obj
 0001:0001fef0       ?getSignedDimension@UnDecorator@@CA?AVDName@@XZ 00420ef0 f   libvcruntimed:undname.obj
 0001:0001ff90       ?getStorageConvention@UnDecorator@@CA?AVDName@@XZ 00420f90 f i libvcruntimed:undname.obj
 0001:0001ffb0       ?getString@DName@@QBEPADPAD0@Z 00420fb0 f i libvcruntimed:undname.obj
 0001:00020020       ?getString@DName@@QBEPADPADH@Z 00421020 f i libvcruntimed:undname.obj
 0001:000200d0       ?getString@DNameStatusNode@@UBEPADPAD0@Z 004210d0 f i libvcruntimed:undname.obj
 0001:00020110       ?getString@charNode@@UBEPADPAD0@Z 00421110 f i libvcruntimed:undname.obj
 0001:00020150       ?getString@pDNameNode@@UBEPADPAD0@Z 00421150 f i libvcruntimed:undname.obj
 0001:000201a0       ?getString@pairNode@@UBEPADPAD0@Z 004211a0 f i libvcruntimed:undname.obj
 0001:00020250       ?getString@pcharNode@@UBEPADPAD0@Z 00421250 f i libvcruntimed:undname.obj
 0001:00020290       ?getStringEncoding@UnDecorator@@CA?AVDName@@W4PrefixKind@@H@Z 00421290 f   libvcruntimed:undname.obj
 0001:000203e0       ?getStringHelper@@YAPADPADPBD1H@Z 004213e0 f i libvcruntimed:undname.obj
 0001:00020430       ?getStringObject@UnDecorator@@CA?AVDName@@XZ 00421430 f   libvcruntimed:undname.obj
 0001:00020500       ?getSymbolName@UnDecorator@@CA?AVDName@@XZ 00421500 f i libvcruntimed:undname.obj
 0001:000205b0       ?getTemplateArgumentList@UnDecorator@@CA?AVDName@@XZ 004215b0 f   libvcruntimed:undname.obj
 0001:00020950       ?getTemplateName@UnDecorator@@CA?AVDName@@_N@Z 00421950 f   libvcruntimed:undname.obj
 0001:00020b80       ?getTemplateNonTypeArgument@UnDecorator@@CA?AVDName@@XZ 00421b80 f   libvcruntimed:undname.obj
 0001:00021300       ?getTemplateTypeArgument@UnDecorator@@CA?AVDName@@XZ 00422300 f   libvcruntimed:undname.obj
 0001:00021510       ?getThisType@UnDecorator@@CA?AVDName@@XZ 00422510 f i libvcruntimed:undname.obj
 0001:00021560       ?getThrowTypes@UnDecorator@@CA?AVDName@@XZ 00422560 f   libvcruntimed:undname.obj
 0001:000215b0       ?getTypeEncoding@UnDecorator@@CAHXZ 004225b0 f i libvcruntimed:undname.obj
 0001:00022320       ?getUndecoratedName@UnDecorator@@QAEPADPADH@Z 00423320 f i libvcruntimed:undname.obj
 0001:000224d0       ?getUnionObject@UnDecorator@@CA?AVDName@@XZ 004234d0 f   libvcruntimed:undname.obj
 0001:000225e0       ?getVCallThunkType@UnDecorator@@CA?AVDName@@XZ 004235e0 f i libvcruntimed:undname.obj
 0001:00022670       ?getValue@UnDecorator@@CA?AV?$optional@_K@std@@XZ 00423670 f   libvcruntimed:undname.obj
 0001:00022760       ?getValueObject@UnDecorator@@CA?AVDName@@XZ 00423760 f   libvcruntimed:undname.obj
 0001:000229b0       ?getVbTableType@UnDecorator@@CA?AVDName@@ABV2@@Z 004239b0 f i libvcruntimed:undname.obj
 0001:000229d0       ?getVdispMapType@UnDecorator@@CA?AVDName@@ABV2@@Z 004239d0 f i libvcruntimed:undname.obj
 0001:00022a80       ?getVfTableType@UnDecorator@@CA?AVDName@@ABV2@@Z 00423a80 f i libvcruntimed:undname.obj
 0001:00022d00       ?getZName@UnDecorator@@CA?AVDName@@_N0@Z 00423d00 f   libvcruntimed:undname.obj
 0001:00023110       ?haveTemplateParameters@UnDecorator@@SAHXZ 00424110 f i libvcruntimed:undname.obj
 0001:00023130       ?isArray@DName@@QBEHXZ     00424130 f i libvcruntimed:undname.obj
 0001:00023150       ?isComArray@DName@@QBEHXZ  00424150 f i libvcruntimed:undname.obj
 0001:00023170       ?isEmpty@DName@@QBEHXZ     00424170 f i libvcruntimed:undname.obj
 0001:000231b0       ?isFull@Replicator@@QBEHXZ 004241b0 f i libvcruntimed:undname.obj
 0001:000231f0       ?isNoTE@DName@@QBEHXZ      004241f0 f i libvcruntimed:undname.obj
 0001:00023210       ?isPinPtr@DName@@QBEHXZ    00424210 f i libvcruntimed:undname.obj
 0001:00023230       ?isPtrRef@DName@@QBEHXZ    00424230 f i libvcruntimed:undname.obj
 0001:00023250       ?isUDC@DName@@QBEHXZ       00424250 f i libvcruntimed:undname.obj
 0001:000232a0       ?isUDTThunk@DName@@QBEHXZ  004242a0 f i libvcruntimed:undname.obj
 0001:000232f0       ?isVCallThunk@DName@@QBEHXZ 004242f0 f i libvcruntimed:undname.obj
 0001:00023310       ?isValid@DName@@QBEHXZ     00424310 f i libvcruntimed:undname.obj
 0001:00023350       ?length@DName@@QBEHXZ      00424350 f i libvcruntimed:undname.obj
 0001:000233a0       ?length@DNameStatusNode@@UBEHXZ 004243a0 f i libvcruntimed:undname.obj
 0001:000233c0       ?length@charNode@@UBEHXZ   004243c0 f i libvcruntimed:undname.obj
 0001:000233e0       ?length@pDNameNode@@UBEHXZ 004243e0 f i libvcruntimed:undname.obj
 0001:00023420       ?length@pairNode@@UBEHXZ   00424420 f i libvcruntimed:undname.obj
 0001:000234b0       ?length@pcharNode@@UBEHXZ  004244b0 f i libvcruntimed:undname.obj
 0001:000234d0       ?make@DNameStatusNode@@SAPBV1@W4DNameStatus@@@Z 004244d0 f i libvcruntimed:undname.obj
 0001:00023510       ?parseDecoratedName@UnDecorator@@CA?AVDName@@XZ 00424510 f   libvcruntimed:undname.obj
 0001:00023700       ?raw_length@DNameStatusNode@@UBEHXZ 00424700 f i libvcruntimed:undname.obj
 0001:00023720       ?raw_length@charNode@@UBEHXZ 00424720 f i libvcruntimed:undname.obj
 0001:00023740       ?raw_length@pDNameNode@@UBEHXZ 00424740 f i libvcruntimed:undname.obj
 0001:00023760       ?raw_length@pairNode@@UBEHXZ 00424760 f i libvcruntimed:undname.obj
 0001:00023780       ?raw_length@pcharNode@@UBEHXZ 00424780 f i libvcruntimed:undname.obj
 0001:000237a0       ?setIsArray@DName@@QAEXXZ  004247a0 f i libvcruntimed:undname.obj
 0001:000237d0       ?setIsComArray@DName@@QAEXXZ 004247d0 f i libvcruntimed:undname.obj
 0001:00023800       ?setIsNoTE@DName@@QAEXXZ   00424800 f i libvcruntimed:undname.obj
 0001:00023830       ?setIsPinPtr@DName@@QAEXXZ 00424830 f i libvcruntimed:undname.obj
 0001:00023860       ?setIsUDC@DName@@QAEXXZ    00424860 f i libvcruntimed:undname.obj
 0001:000238a0       ?setIsVCallThunk@DName@@QAEXXZ 004248a0 f i libvcruntimed:undname.obj
 0001:000238d0       ?setPtrRef@DName@@QAEAAV1@XZ 004248d0 f i libvcruntimed:undname.obj
 0001:00023900       ?status@DName@@QBE?AW4DNameStatus@@XZ 00424900 f i libvcruntimed:undname.obj
 0001:00023a20       ___unDName                 00424a20 f   libvcruntimed:undname.obj
 0001:00023a60       ___unDNameEx               00424a60 f   libvcruntimed:undname.obj
 0001:00023b60       _unDNameGenerateCHPE       00424b60 f   libvcruntimed:undname.obj
 0001:00023be0       __global_unwind2           00424be0 f   libvcruntimed:exsup.obj
 0001:00023c70       __local_unwind2            00424c70 f   libvcruntimed:exsup.obj
 0001:00023d30       __abnormal_termination     00424d30 f   libvcruntimed:exsup.obj
 0001:00023d70       __NLG_Notify1              00424d70 f   libvcruntimed:exsup.obj
 0001:00023d80       __NLG_Notify               00424d80 f   libvcruntimed:exsup.obj
 0001:00023d97       __NLG_Dispatch2            00424d97     libvcruntimed:exsup.obj
 0001:00023d97       __NLG_Dispatch             00424d97     libvcruntimed:exsup.obj
 0001:00023db0       __NLG_Call                 00424db0 f   libvcruntimed:exsup.obj
 0001:00023db2       __NLG_Return2              00424db2     libvcruntimed:exsup.obj
 0001:00023dc0       ??$__crt_interlocked_exchange_pointer@UHINSTANCE__@@PAU1@@@YAPAUHINSTANCE__@@PDSAU0@QAU0@@Z 00424dc0 f i libvcruntimed:winapi_downlevel.obj
 0001:00023dd0       ??$__crt_interlocked_exchange_pointer@UHINSTANCE__@@PAX@@YAPAUHINSTANCE__@@PDSAU0@QAX@Z 00424dd0 f i libvcruntimed:winapi_downlevel.obj
 0001:00023de0       ??$__crt_interlocked_exchange_pointer@XPAX@@YAPAXPDSAXQAX@Z 00424de0 f i libvcruntimed:winapi_downlevel.obj
 0001:00023df0       ??$__crt_interlocked_read_pointer@UHINSTANCE__@@@@YAPAUHINSTANCE__@@PDSAU0@@Z 00424df0 f i libvcruntimed:winapi_downlevel.obj
 0001:00023e10       ??$__crt_interlocked_read_pointer@X@@YAPAXPDSAX@Z 00424e10 f i libvcruntimed:winapi_downlevel.obj
 0001:000242e0       ___vcrt_FlsAlloc           004252e0 f   libvcruntimed:winapi_downlevel.obj
 0001:00024330       ___vcrt_FlsFree            00425330 f   libvcruntimed:winapi_downlevel.obj
 0001:00024380       ___vcrt_FlsGetValue        00425380 f   libvcruntimed:winapi_downlevel.obj
 0001:000243d0       ___vcrt_FlsSetValue        004253d0 f   libvcruntimed:winapi_downlevel.obj
 0001:00024430       ___vcrt_InitializeCriticalSectionEx 00425430 f   libvcruntimed:winapi_downlevel.obj
 0001:00024490       ??$__crt_interlocked_exchange_pointer@$$A6AXXZP6AXXZ@@YAP6AXXZPDS6AXXZQ6AXXZ@Z 00425490 f i libvcruntimed:purevirt.obj
 0001:000244a0       ??$__crt_interlocked_read_pointer@$$A6AXXZ@@YAP6AXXZPDS6AXXZ@Z 004254a0 f i libvcruntimed:purevirt.obj
 0001:000244c0       __get_purecall_handler     004254c0 f   libvcruntimed:purevirt.obj
 0001:000244e0       __purecall                 004254e0 f   libvcruntimed:purevirt.obj
 0001:00024520       __set_purecall_handler     00425520 f   libvcruntimed:purevirt.obj
 0001:00024540       ??$?0AAViterator@TryBlockMap@__FrameHandler3@@AAV012@$0A@@?$pair@Viterator@TryBlockMap@__FrameHandler3@@V123@@std@@QAE@AAViterator@TryBlockMap@__FrameHandler3@@0@Z 00425540 f i libvcruntimed:trnsctrl.obj
 0001:000245a0       ??$forward@AAViterator@TryBlockMap@__FrameHandler3@@@std@@YAAAViterator@TryBlockMap@__FrameHandler3@@AAV123@@Z 004255a0 f i libvcruntimed:trnsctrl.obj
 0001:000245b0       ??0iterator@TryBlockMap@__FrameHandler3@@QAE@AAV12@I@Z 004255b0 f i libvcruntimed:trnsctrl.obj
 0001:000245e0       ?GetRangeOfTrysToCheck@__FrameHandler3@@SA?AU?$pair@Viterator@TryBlockMap@__FrameHandler3@@V123@@std@@AAVTryBlockMap@1@HPAXPBU_s_FuncInfo@@H@Z 004255e0 f   libvcruntimed:trnsctrl.obj
 0001:00024700       ?_CallCatchBlock2@@YAPAXPAUEHRegistrationNode@@PBU_s_FuncInfo@@PAXHK@Z 00425700 f   libvcruntimed:trnsctrl.obj
 0001:00024790       ?_CallSETranslator@@YAHPAUEHExceptionRecord@@PAUEHRegistrationNode@@PAX2PBU_s_FuncInfo@@H1@Z 00425790 f   libvcruntimed:trnsctrl.obj
 0001:000248f0       ?_JumpToContinuation@@YGXPAXPAUEHRegistrationNode@@@Z 004258f0 f   libvcruntimed:trnsctrl.obj
 0001:00024930       ?_UnwindNestedFrames@@YGXPAUEHRegistrationNode@@PAUEHExceptionRecord@@@Z 00425930 f   libvcruntimed:trnsctrl.obj
 0001:000249a0       __CatchGuardHandler        004259a0 f   libvcruntimed:trnsctrl.obj
 0001:00024a00       __CreateFrameInfo          00425a00 f   libvcruntimed:trnsctrl.obj
 0001:00024a40       __FindAndUnlinkFrame       00425a40 f   libvcruntimed:trnsctrl.obj
 0001:00024ad0       __TranslatorGuardHandler   00425ad0 f   libvcruntimed:trnsctrl.obj
 0001:00024bb0       ___CxxFrameHandler         00425bb0 f   libvcruntimed:trnsctrl.obj
 0001:00024c00       ___CxxFrameHandler2        00425c00 f   libvcruntimed:trnsctrl.obj
 0001:00024c50       ___CxxFrameHandler3        00425c50 f   libvcruntimed:trnsctrl.obj
 0001:00024ca0       ___CxxLongjmpUnwind@4      00425ca0 f   libvcruntimed:trnsctrl.obj
 0001:00025b10       ??$TypeMatchHelper@V__FrameHandler3@@@@YAHPBU_s_HandlerType@@PBU_s_CatchableType@@PBU_s_ThrowInfo@@@Z 00426b10 f i libvcruntimed:frame.obj
 0001:00025c20       ??$__InternalCxxFrameHandler@V__FrameHandler3@@@@YA?AW4_EXCEPTION_DISPOSITION@@PAUEHExceptionRecord@@PAUEHRegistrationNode@@PAU_CONTEXT@@PAXPBU_s_FuncInfo@@H1E@Z 00426c20 f i libvcruntimed:frame.obj
 0001:00025e50       ??0HandlerMap@__FrameHandler3@@QAE@PBU_s_TryBlockMapEntry@@II@Z 00426e50 f i libvcruntimed:frame.obj
 0001:00025e80       ??0TryBlockMap@__FrameHandler3@@QAE@PBU_s_FuncInfo@@I@Z 00426e80 f i libvcruntimed:frame.obj
 0001:00025eb0       ??0bad_exception@std@@QAE@ABV01@@Z 00426eb0 f i libvcruntimed:frame.obj
 0001:00025ee0       ??0bad_exception@std@@QAE@XZ 00426ee0 f i libvcruntimed:frame.obj
 0001:00025f10       ??0iterator@HandlerMap@__FrameHandler3@@QAE@AAV12@I@Z 00426f10 f i libvcruntimed:frame.obj
 0001:00025f40       ??1bad_exception@std@@UAE@XZ 00426f40 f i libvcruntimed:frame.obj
 0001:00025f60       ??8iterator@HandlerMap@__FrameHandler3@@QBE_NABV012@@Z 00426f60 f i libvcruntimed:frame.obj
 0001:00025fa0       ??8type_info@@QBE_NABV0@@Z 00426fa0 f i libvcruntimed:frame.obj
 0001:00025ff0       ??9iterator@HandlerMap@__FrameHandler3@@QBE_NABV012@@Z 00426ff0 f i libvcruntimed:frame.obj
 0001:00026040       ??Diterator@HandlerMap@__FrameHandler3@@QAE?BU_s_HandlerType@@XZ 00427040 f i libvcruntimed:frame.obj
 0001:00026090       ??Diterator@TryBlockMap@__FrameHandler3@@QAE?BU_s_TryBlockMapEntry@@XZ 00427090 f i libvcruntimed:frame.obj
 0001:000260f0       ??Eiterator@HandlerMap@__FrameHandler3@@QAEAAV012@XZ 004270f0 f i libvcruntimed:frame.obj
 0001:00026120       ??Eiterator@TryBlockMap@__FrameHandler3@@QAEAAV012@XZ 00427120 f i libvcruntimed:frame.obj
 0001:00026150       ??Miterator@TryBlockMap@__FrameHandler3@@QBE_NABV012@@Z 00427150 f i libvcruntimed:frame.obj
 0001:00026190       ??_Ebad_exception@std@@UAEPAXI@Z 00427190 f i libvcruntimed:frame.obj
 0001:00026190       ??_Gbad_exception@std@@UAEPAXI@Z 00427190 f i libvcruntimed:frame.obj
 0001:000261d0       ?BuildCatchObject@__FrameHandler3@@SAXPAUEHExceptionRecord@@PAXPBU_s_HandlerType@@PBU_s_CatchableType@@@Z 004271d0 f   libvcruntimed:frame.obj
 0001:00026200       ?BuildCatchObjectHelper@__FrameHandler3@@SAHPAUEHExceptionRecord@@PAXPBU_s_HandlerType@@PBU_s_CatchableType@@@Z 00427200 f   libvcruntimed:frame.obj
 0001:00026680       ?FrameUnwindToEmptyState@__FrameHandler3@@SAXPAUEHRegistrationNode@@PAXPBU_s_FuncInfo@@@Z 00427680 f   libvcruntimed:frame.obj
 0001:000266b0       ?FrameUnwindToState@__FrameHandler3@@SAXPAUEHRegistrationNode@@PAXPBU_s_FuncInfo@@H@Z 004276b0 f   libvcruntimed:frame.obj
 0001:00026890       ?GetMaxState@__FrameHandler3@@SAHPAXPBU_s_FuncInfo@@@Z 00427890 f i libvcruntimed:frame.obj
 0001:000269e0       ?TypeMatch@__FrameHandler3@@SAHPBU_s_HandlerType@@PBU_s_CatchableType@@PBU_s_ThrowInfo@@@Z 004279e0 f   libvcruntimed:frame.obj
 0001:00026a00       ?_CallMemberFunction1@@YGXQAX00@Z 00427a00 f i libvcruntimed:frame.obj
 0001:00026a30       ?_CallMemberFunction2@@YGXQAX00H@Z 00427a30 f i libvcruntimed:frame.obj
 0001:00026a60       ?begin@HandlerMap@__FrameHandler3@@QAE?AViterator@12@XZ 00427a60 f i libvcruntimed:frame.obj
 0001:00026a90       ?end@HandlerMap@__FrameHandler3@@QAE?AViterator@12@XZ 00427a90 f i libvcruntimed:frame.obj
 0001:00026ac0       ?getESTypes@__FrameHandler3@@SAPBU_s_ESTypeList@@PBU_s_FuncInfo@@@Z 00427ac0 f i libvcruntimed:frame.obj
 0001:00026ad0       ?getLastEntry@HandlerMap@__FrameHandler3@@QAEPBU_s_HandlerType@@XZ 00427ad0 f i libvcruntimed:frame.obj
 0001:00026b00       ?getMagicNum@__FrameHandler3@@SAIPBU_s_FuncInfo@@@Z 00427b00 f i libvcruntimed:frame.obj
 0001:00026b20       ?getNumTryBlocks@TryBlockMap@__FrameHandler3@@QAEIXZ 00427b20 f i libvcruntimed:frame.obj
 0001:00026b40       ?isEHs@__FrameHandler3@@SA_NPBU_s_FuncInfo@@@Z 00427b40 f i libvcruntimed:frame.obj
 0001:00026b70       ?isNoExcept@__FrameHandler3@@SA_NPBU_s_FuncInfo@@@Z 00427b70 f i libvcruntimed:frame.obj
 0001:00026ba0       ___BuildCatchObject        00427ba0 f   libvcruntimed:frame.obj
 0001:00026bd0       ___BuildCatchObjectHelper  00427bd0 f   libvcruntimed:frame.obj
 0001:00026c00       ___TypeMatch               00427c00 f   libvcruntimed:frame.obj
 0001:00026c20       ___vcrt_EncodePointer      00427c20 f i libvcruntimed:frame.obj
 0001:00026c40       __CallSettingFrame@12      00427c40 f   libvcruntimed:lowhelpr.obj
 0001:00026c67       __NLG_Return               00427c67     libvcruntimed:lowhelpr.obj
 0001:00026cd0       __get_unexpected           00427cd0 f   libvcruntimed:unexpected.obj
 0001:00026cf0       _set_unexpected            00427cf0 f   libvcruntimed:unexpected.obj
 0001:00026d30       _unexpected                00427d30 f   libvcruntimed:unexpected.obj
 0001:00026d70       _memmove                   00427d70 f   libvcruntimed:memmove.obj
 0001:00027450       ?GetCurrentState@__FrameHandler3@@SAHPAUEHRegistrationNode@@PAXPBU_s_FuncInfo@@@Z 00428450 f   libvcruntimed:ehstate.obj
 0001:00027490       ?SetState@__FrameHandler3@@SAXPAUEHRegistrationNode@@PBU_s_FuncInfo@@H@Z 00428490 f   libvcruntimed:ehstate.obj
 0001:000274b0       __abs64                    004284b0 f   libucrtd:abs.obj
 0001:00027510       _abs                       00428510 f   libucrtd:abs.obj
 0001:00027540       ??$?RPAU__crt_stdio_stream_data@@@__crt_internal_free_policy@@QBEXQBQAU__crt_stdio_stream_data@@@Z 00428540 f i libucrtd:_file.obj
 0001:00027570       ??0?$__crt_unique_heap_ptr@PAU__crt_stdio_stream_data@@U__crt_internal_free_policy@@@@QAE@QAPAU__crt_stdio_stream_data@@@Z 00428570 f i libucrtd:_file.obj
 0001:00027590       ??0__crt_stdio_stream@@QAE@QAU_iobuf@@@Z 00428590 f i libucrtd:_file.obj
 0001:000275b0       ??1?$__crt_unique_heap_ptr@PAU__crt_stdio_stream_data@@U__crt_internal_free_policy@@@@QAE@XZ 004285b0 f i libucrtd:_file.obj
 0001:000275d0       ??C__crt_stdio_stream@@QBEPAU__crt_stdio_stream_data@@XZ 004285d0 f i libucrtd:_file.obj
 0001:000275f0       ?detach@?$__crt_unique_heap_ptr@PAU__crt_stdio_stream_data@@U__crt_internal_free_policy@@@@QAEPAPAU__crt_stdio_stream_data@@XZ 004285f0 f i libucrtd:_file.obj
 0001:00027620       ?release@?$__crt_unique_heap_ptr@PAU__crt_stdio_stream_data@@U__crt_internal_free_policy@@@@QAEXXZ 00428620 f i libucrtd:_file.obj
 0001:00027650       ___acrt_initialize_stdio   00428650 f   libucrtd:_file.obj
 0001:00027820       ___acrt_iob_func           00428820 f   libucrtd:_file.obj
 0001:00027840       ___acrt_uninitialize_stdio 00428840 f   libucrtd:_file.obj
 0001:000278e0       __get_stream_buffer_pointers 004288e0 f   libucrtd:_file.obj
 0001:000279f0       __lock_file                004289f0 f   libucrtd:_file.obj
 0001:00027a20       __unlock_file              00428a20 f   libucrtd:_file.obj
 0001:00027a50       ??$__crt_interlocked_read@J@@YAJPDJ@Z 00428a50 f i libucrtd:fclose.obj
 0001:00027a70       ?get_flags@__crt_stdio_stream@@QBEJXZ 00428a70 f i libucrtd:fclose.obj
 0001:00027aa0       ?is_in_use@__crt_stdio_stream@@QBE_NXZ 00428aa0 f i libucrtd:fclose.obj
 0001:00027ae0       ?is_string_backed@__crt_stdio_stream@@QBE_NXZ 00428ae0 f i libucrtd:fclose.obj
 0001:00027b20       ?public_stream@__crt_stdio_stream@@QBEPAU_iobuf@@XZ 00428b20 f i libucrtd:fclose.obj
 0001:00027b40       ?valid@__crt_stdio_stream@@QBE_NXZ 00428b40 f i libucrtd:fclose.obj
 0001:00027b80       __fclose_nolock            00428b80 f   libucrtd:fclose.obj
 0001:00027d10       _fclose                    00428d10 f   libucrtd:fclose.obj
 0001:00028650       ??$open_file@ABQBDABQBDABHPAU_iobuf@@@?$__crt_char_traits@D@@SAPAU_iobuf@@ABQBD0ABH$$QAPAU1@@Z 00429650 f i libucrtd:fopen.obj
 0001:00028680       ??$open_file@ABQB_WABQB_WABHPAU_iobuf@@@?$__crt_char_traits@_W@@SAPAU_iobuf@@ABQB_W0ABH$$QAPAU1@@Z 00429680 f i libucrtd:fopen.obj
 0001:000286b0       ?unlock@__crt_stdio_stream@@QBEXXZ 004296b0 f i libucrtd:fopen.obj
 0001:000286e0       __fsopen                   004296e0 f   libucrtd:fopen.obj
 0001:00028710       __wfopen                   00429710 f   libucrtd:fopen.obj
 0001:00028730       __wfopen_s                 00429730 f   libucrtd:fopen.obj
 0001:00028760       __wfsopen                  00429760 f   libucrtd:fopen.obj
 0001:00028790       _fopen                     00429790 f   libucrtd:fopen.obj
 0001:000287b0       _fopen_s                   004297b0 f   libucrtd:fopen.obj
 0001:000287e0       ?__acrt_stdio_reset_buffer@@YAXV__crt_stdio_stream@@@Z 004297e0 f i libucrtd:fread.obj
 0001:00028820       ?has_any_buffer@__crt_stdio_stream@@QBE_NXZ 00429820 f i libucrtd:fread.obj
 0001:00028840       ?has_any_of@__crt_stdio_stream@@QBE_NJ@Z 00429840 f i libucrtd:fread.obj
 0001:00028880       ?set_flags@__crt_stdio_stream@@QBE_NJ@Z 00429880 f i libucrtd:fread.obj
 0001:000288e0       __fread_nolock             004298e0 f   libucrtd:fread.obj
 0001:00028910       __fread_nolock_s           00429910 f   libucrtd:fread.obj
 0001:00029130       _fread                     0042a130 f   libucrtd:fread.obj
 0001:00029160       _fread_s                   0042a160 f   libucrtd:fread.obj
 0001:00029450       ??$?0ABV?$stream_output_adapter@D@__crt_stdio_output@@AB_KABQBDABQAU__crt_locale_pointers@@ABQAD@?$format_validation_base@DV?$stream_output_adapter@D@__crt_stdio_output@@@__crt_stdio_output@@IAE@ABV?$stream_output_adapter@D@1@AB_KABQBDABQAU__crt_locale_pointers@@ABQAD@Z 0042a450 f i libucrtd:output.obj
 0001:00029490       ??$?0ABV?$stream_output_adapter@D@__crt_stdio_output@@AB_KABQBDABQAU__crt_locale_pointers@@ABQAD@?$positional_parameter_base@DV?$stream_output_adapter@D@__crt_stdio_output@@@__crt_stdio_output@@IAE@ABV?$stream_output_adapter@D@1@AB_KABQBDABQAU__crt_locale_pointers@@ABQAD@Z 0042a490 f i libucrtd:output.obj
 0001:00029520       ??$?0ABV?$stream_output_adapter@D@__crt_stdio_output@@AB_KABQBDABQAU__crt_locale_pointers@@ABQAD@?$standard_base@DV?$stream_output_adapter@D@__crt_stdio_output@@@__crt_stdio_output@@IAE@ABV?$stream_output_adapter@D@1@AB_KABQBDABQAU__crt_locale_pointers@@ABQAD@Z 0042a520 f i libucrtd:output.obj
 0001:00029580       ??$?0ABV?$stream_output_adapter@_W@__crt_stdio_output@@AB_KABQB_WABQAU__crt_locale_pointers@@ABQAD@?$format_validation_base@_WV?$stream_output_adapter@_W@__crt_stdio_output@@@__crt_stdio_output@@IAE@ABV?$stream_output_adapter@_W@1@AB_KABQB_WABQAU__crt_locale_pointers@@ABQAD@Z 0042a580 f i libucrtd:output.obj
 0001:000295c0       ??$?0ABV?$stream_output_adapter@_W@__crt_stdio_output@@AB_KABQB_WABQAU__crt_locale_pointers@@ABQAD@?$positional_parameter_base@_WV?$stream_output_adapter@_W@__crt_stdio_output@@@__crt_stdio_output@@IAE@ABV?$stream_output_adapter@_W@1@AB_KABQB_WABQAU__crt_locale_pointers@@ABQAD@Z 0042a5c0 f i libucrtd:output.obj
 0001:00029650       ??$?0ABV?$stream_output_adapter@_W@__crt_stdio_output@@AB_KABQB_WABQAU__crt_locale_pointers@@ABQAD@?$standard_base@_WV?$stream_output_adapter@_W@__crt_stdio_output@@@__crt_stdio_output@@IAE@ABV?$stream_output_adapter@_W@1@AB_KABQB_WABQAU__crt_locale_pointers@@ABQAD@Z 0042a650 f i libucrtd:output.obj
 0001:000296b0       ??$?0ABV?$string_output_adapter@D@__crt_stdio_output@@AB_KABQBDABQAU__crt_locale_pointers@@ABQAD@?$format_validation_base@DV?$string_output_adapter@D@__crt_stdio_output@@@__crt_stdio_output@@IAE@ABV?$string_output_adapter@D@1@AB_KABQBDABQAU__crt_locale_pointers@@ABQAD@Z 0042a6b0 f i libucrtd:output.obj
 0001:000296f0       ??$?0ABV?$string_output_adapter@D@__crt_stdio_output@@AB_KABQBDABQAU__crt_locale_pointers@@ABQAD@?$positional_parameter_base@DV?$string_output_adapter@D@__crt_stdio_output@@@__crt_stdio_output@@IAE@ABV?$string_output_adapter@D@1@AB_KABQBDABQAU__crt_locale_pointers@@ABQAD@Z 0042a6f0 f i libucrtd:output.obj
 0001:00029780       ??$?0ABV?$string_output_adapter@D@__crt_stdio_output@@AB_KABQBDABQAU__crt_locale_pointers@@ABQAD@?$standard_base@DV?$string_output_adapter@D@__crt_stdio_output@@@__crt_stdio_output@@IAE@ABV?$string_output_adapter@D@1@AB_KABQBDABQAU__crt_locale_pointers@@ABQAD@Z 0042a780 f i libucrtd:output.obj
 0001:000297e0       ??$?0ABV?$string_output_adapter@_W@__crt_stdio_output@@AB_KABQB_WABQAU__crt_locale_pointers@@ABQAD@?$format_validation_base@_WV?$string_output_adapter@_W@__crt_stdio_output@@@__crt_stdio_output@@IAE@ABV?$string_output_adapter@_W@1@AB_KABQB_WABQAU__crt_locale_pointers@@ABQAD@Z 0042a7e0 f i libucrtd:output.obj
 0001:00029820       ??$?0ABV?$string_output_adapter@_W@__crt_stdio_output@@AB_KABQB_WABQAU__crt_locale_pointers@@ABQAD@?$positional_parameter_base@_WV?$string_output_adapter@_W@__crt_stdio_output@@@__crt_stdio_output@@IAE@ABV?$string_output_adapter@_W@1@AB_KABQB_WABQAU__crt_locale_pointers@@ABQAD@Z 0042a820 f i libucrtd:output.obj
 0001:000298b0       ??$?0ABV?$string_output_adapter@_W@__crt_stdio_output@@AB_KABQB_WABQAU__crt_locale_pointers@@ABQAD@?$standard_base@_WV?$string_output_adapter@_W@__crt_stdio_output@@@__crt_stdio_output@@IAE@ABV?$string_output_adapter@_W@1@AB_KABQB_WABQAU__crt_locale_pointers@@ABQAD@Z 0042a8b0 f i libucrtd:output.obj
 0001:0002d730       ??$count@D@formatting_buffer@__crt_stdio_output@@QBEIXZ 0042e730 f i libucrtd:output.obj
 0001:0002d780       ??$count@_W@formatting_buffer@__crt_stdio_output@@QBEIXZ 0042e780 f i libucrtd:output.obj
 0001:0002d7d0       ??$data@D@formatting_buffer@__crt_stdio_output@@QAEPADXZ 0042e7d0 f i libucrtd:output.obj
 0001:0002d820       ??$data@_W@formatting_buffer@__crt_stdio_output@@QAEPA_WXZ 0042e820 f i libucrtd:output.obj
 0001:0002d870       ??$ensure_buffer_is_big_enough@D@formatting_buffer@__crt_stdio_output@@QAE_NI@Z 0042e870 f i libucrtd:output.obj
 0001:0002d990       ??$ensure_buffer_is_big_enough@_W@formatting_buffer@__crt_stdio_output@@QAE_NI@Z 0042e990 f i libucrtd:output.obj
 0001:0002dab0       ??$extract_argument_from_va_list@C_J@?$positional_parameter_base@DV?$stream_output_adapter@D@__crt_stdio_output@@@__crt_stdio_output@@IAE_NAA_J@Z 0042eab0 f i libucrtd:output.obj
 0001:0002dc30       ??$extract_argument_from_va_list@C_J@?$positional_parameter_base@DV?$string_output_adapter@D@__crt_stdio_output@@@__crt_stdio_output@@IAE_NAA_J@Z 0042ec30 f i libucrtd:output.obj
 0001:0002ddb0       ??$extract_argument_from_va_list@C_J@?$positional_parameter_base@_WV?$stream_output_adapter@_W@__crt_stdio_output@@@__crt_stdio_output@@IAE_NAA_J@Z 0042edb0 f i libucrtd:output.obj
 0001:0002df30       ??$extract_argument_from_va_list@C_J@?$positional_parameter_base@_WV?$string_output_adapter@_W@__crt_stdio_output@@@__crt_stdio_output@@IAE_NAA_J@Z 0042ef30 f i libucrtd:output.obj
 0001:0002e0b0       ??$extract_argument_from_va_list@C_J@?$standard_base@DV?$stream_output_adapter@D@__crt_stdio_output@@@__crt_stdio_output@@IAE_NAA_J@Z 0042f0b0 f i libucrtd:output.obj
 0001:0002e0f0       ??$extract_argument_from_va_list@C_J@?$standard_base@DV?$string_output_adapter@D@__crt_stdio_output@@@__crt_stdio_output@@IAE_NAA_J@Z 0042f0f0 f i libucrtd:output.obj
 0001:0002e130       ??$extract_argument_from_va_list@C_J@?$standard_base@_WV?$stream_output_adapter@_W@__crt_stdio_output@@@__crt_stdio_output@@IAE_NAA_J@Z 0042f130 f i libucrtd:output.obj
 0001:0002e170       ??$extract_argument_from_va_list@C_J@?$standard_base@_WV?$string_output_adapter@_W@__crt_stdio_output@@@__crt_stdio_output@@IAE_NAA_J@Z 0042f170 f i libucrtd:output.obj
 0001:0002e1b0       ??$extract_argument_from_va_list@E_J@?$positional_parameter_base@DV?$stream_output_adapter@D@__crt_stdio_output@@@__crt_stdio_output@@IAE_NAA_J@Z 0042f1b0 f i libucrtd:output.obj
 0001:0002e330       ??$extract_argument_from_va_list@E_J@?$positional_parameter_base@DV?$string_output_adapter@D@__crt_stdio_output@@@__crt_stdio_output@@IAE_NAA_J@Z 0042f330 f i libucrtd:output.obj
 0001:0002e4b0       ??$extract_argument_from_va_list@E_J@?$positional_parameter_base@_WV?$stream_output_adapter@_W@__crt_stdio_output@@@__crt_stdio_output@@IAE_NAA_J@Z 0042f4b0 f i libucrtd:output.obj
 0001:0002e630       ??$extract_argument_from_va_list@E_J@?$positional_parameter_base@_WV?$string_output_adapter@_W@__crt_stdio_output@@@__crt_stdio_output@@IAE_NAA_J@Z 0042f630 f i libucrtd:output.obj
 0001:0002e7b0       ??$extract_argument_from_va_list@E_J@?$standard_base@DV?$stream_output_adapter@D@__crt_stdio_output@@@__crt_stdio_output@@IAE_NAA_J@Z 0042f7b0 f i libucrtd:output.obj
 0001:0002e7f0       ??$extract_argument_from_va_list@E_J@?$standard_base@DV?$string_output_adapter@D@__crt_stdio_output@@@__crt_stdio_output@@IAE_NAA_J@Z 0042f7f0 f i libucrtd:output.obj
 0001:0002e830       ??$extract_argument_from_va_list@E_J@?$standard_base@_WV?$stream_output_adapter@_W@__crt_stdio_output@@@__crt_stdio_output@@IAE_NAA_J@Z 0042f830 f i libucrtd:output.obj
 0001:0002e870       ??$extract_argument_from_va_list@E_J@?$standard_base@_WV?$string_output_adapter@_W@__crt_stdio_output@@@__crt_stdio_output@@IAE_NAA_J@Z 0042f870 f i libucrtd:output.obj
 0001:0002e8b0       ??$extract_argument_from_va_list@F_J@?$positional_parameter_base@DV?$stream_output_adapter@D@__crt_stdio_output@@@__crt_stdio_output@@IAE_NAA_J@Z 0042f8b0 f i libucrtd:output.obj
 0001:0002ea30       ??$extract_argument_from_va_list@F_J@?$positional_parameter_base@DV?$string_output_adapter@D@__crt_stdio_output@@@__crt_stdio_output@@IAE_NAA_J@Z 0042fa30 f i libucrtd:output.obj
 0001:0002ebb0       ??$extract_argument_from_va_list@F_J@?$positional_parameter_base@_WV?$stream_output_adapter@_W@__crt_stdio_output@@@__crt_stdio_output@@IAE_NAA_J@Z 0042fbb0 f i libucrtd:output.obj
 0001:0002ed30       ??$extract_argument_from_va_list@F_J@?$positional_parameter_base@_WV?$string_output_adapter@_W@__crt_stdio_output@@@__crt_stdio_output@@IAE_NAA_J@Z 0042fd30 f i libucrtd:output.obj
 0001:0002eeb0       ??$extract_argument_from_va_list@F_J@?$standard_base@DV?$stream_output_adapter@D@__crt_stdio_output@@@__crt_stdio_output@@IAE_NAA_J@Z 0042feb0 f i libucrtd:output.obj
 0001:0002eef0       ??$extract_argument_from_va_list@F_J@?$standard_base@DV?$string_output_adapter@D@__crt_stdio_output@@@__crt_stdio_output@@IAE_NAA_J@Z 0042fef0 f i libucrtd:output.obj
 0001:0002ef30       ??$extract_argument_from_va_list@F_J@?$standard_base@_WV?$stream_output_adapter@_W@__crt_stdio_output@@@__crt_stdio_output@@IAE_NAA_J@Z 0042ff30 f i libucrtd:output.obj
 0001:0002ef70       ??$extract_argument_from_va_list@F_J@?$standard_base@_WV?$string_output_adapter@_W@__crt_stdio_output@@@__crt_stdio_output@@IAE_NAA_J@Z 0042ff70 f i libucrtd:output.obj
 0001:0002efb0       ??$extract_argument_from_va_list@GD@?$positional_parameter_base@DV?$stream_output_adapter@D@__crt_stdio_output@@@__crt_stdio_output@@IAE_NAAD@Z 0042ffb0 f i libucrtd:output.obj
 0001:0002f130       ??$extract_argument_from_va_list@GD@?$positional_parameter_base@DV?$string_output_adapter@D@__crt_stdio_output@@@__crt_stdio_output@@IAE_NAAD@Z 00430130 f i libucrtd:output.obj
 0001:0002f2b0       ??$extract_argument_from_va_list@GD@?$standard_base@DV?$stream_output_adapter@D@__crt_stdio_output@@@__crt_stdio_output@@IAE_NAAD@Z 004302b0 f i libucrtd:output.obj
 0001:0002f2e0       ??$extract_argument_from_va_list@GD@?$standard_base@DV?$string_output_adapter@D@__crt_stdio_output@@@__crt_stdio_output@@IAE_NAAD@Z 004302e0 f i libucrtd:output.obj
 0001:0002f310       ??$extract_argument_from_va_list@G_J@?$positional_parameter_base@DV?$stream_output_adapter@D@__crt_stdio_output@@@__crt_stdio_output@@IAE_NAA_J@Z 00430310 f i libucrtd:output.obj
 0001:0002f490       ??$extract_argument_from_va_list@G_J@?$positional_parameter_base@DV?$string_output_adapter@D@__crt_stdio_output@@@__crt_stdio_output@@IAE_NAA_J@Z 00430490 f i libucrtd:output.obj
 0001:0002f610       ??$extract_argument_from_va_list@G_J@?$positional_parameter_base@_WV?$stream_output_adapter@_W@__crt_stdio_output@@@__crt_stdio_output@@IAE_NAA_J@Z 00430610 f i libucrtd:output.obj
 0001:0002f790       ??$extract_argument_from_va_list@G_J@?$positional_parameter_base@_WV?$string_output_adapter@_W@__crt_stdio_output@@@__crt_stdio_output@@IAE_NAA_J@Z 00430790 f i libucrtd:output.obj
 0001:0002f910       ??$extract_argument_from_va_list@G_J@?$standard_base@DV?$stream_output_adapter@D@__crt_stdio_output@@@__crt_stdio_output@@IAE_NAA_J@Z 00430910 f i libucrtd:output.obj
 0001:0002f950       ??$extract_argument_from_va_list@G_J@?$standard_base@DV?$string_output_adapter@D@__crt_stdio_output@@@__crt_stdio_output@@IAE_NAA_J@Z 00430950 f i libucrtd:output.obj
 0001:0002f990       ??$extract_argument_from_va_list@G_J@?$standard_base@_WV?$stream_output_adapter@_W@__crt_stdio_output@@@__crt_stdio_output@@IAE_NAA_J@Z 00430990 f i libucrtd:output.obj
 0001:0002f9d0       ??$extract_argument_from_va_list@G_J@?$standard_base@_WV?$string_output_adapter@_W@__crt_stdio_output@@@__crt_stdio_output@@IAE_NAA_J@Z 004309d0 f i libucrtd:output.obj
 0001:0002fa10       ??$extract_argument_from_va_list@H_J@?$positional_parameter_base@DV?$stream_output_adapter@D@__crt_stdio_output@@@__crt_stdio_output@@IAE_NAA_J@Z 00430a10 f i libucrtd:output.obj
 0001:0002fb90       ??$extract_argument_from_va_list@H_J@?$positional_parameter_base@DV?$string_output_adapter@D@__crt_stdio_output@@@__crt_stdio_output@@IAE_NAA_J@Z 00430b90 f i libucrtd:output.obj
 0001:0002fd10       ??$extract_argument_from_va_list@H_J@?$positional_parameter_base@_WV?$stream_output_adapter@_W@__crt_stdio_output@@@__crt_stdio_output@@IAE_NAA_J@Z 00430d10 f i libucrtd:output.obj
 0001:0002fe90       ??$extract_argument_from_va_list@H_J@?$positional_parameter_base@_WV?$string_output_adapter@_W@__crt_stdio_output@@@__crt_stdio_output@@IAE_NAA_J@Z 00430e90 f i libucrtd:output.obj
 0001:00030010       ??$extract_argument_from_va_list@H_J@?$standard_base@DV?$stream_output_adapter@D@__crt_stdio_output@@@__crt_stdio_output@@IAE_NAA_J@Z 00431010 f i libucrtd:output.obj
 0001:00030050       ??$extract_argument_from_va_list@H_J@?$standard_base@DV?$string_output_adapter@D@__crt_stdio_output@@@__crt_stdio_output@@IAE_NAA_J@Z 00431050 f i libucrtd:output.obj
 0001:00030090       ??$extract_argument_from_va_list@H_J@?$standard_base@_WV?$stream_output_adapter@_W@__crt_stdio_output@@@__crt_stdio_output@@IAE_NAA_J@Z 00431090 f i libucrtd:output.obj
 0001:000300d0       ??$extract_argument_from_va_list@H_J@?$standard_base@_WV?$string_output_adapter@_W@__crt_stdio_output@@@__crt_stdio_output@@IAE_NAA_J@Z 004310d0 f i libucrtd:output.obj
 0001:00030110       ??$extract_argument_from_va_list@I_J@?$positional_parameter_base@DV?$stream_output_adapter@D@__crt_stdio_output@@@__crt_stdio_output@@IAE_NAA_J@Z 00431110 f i libucrtd:output.obj
 0001:00030290       ??$extract_argument_from_va_list@I_J@?$positional_parameter_base@DV?$string_output_adapter@D@__crt_stdio_output@@@__crt_stdio_output@@IAE_NAA_J@Z 00431290 f i libucrtd:output.obj
 0001:00030410       ??$extract_argument_from_va_list@I_J@?$positional_parameter_base@_WV?$stream_output_adapter@_W@__crt_stdio_output@@@__crt_stdio_output@@IAE_NAA_J@Z 00431410 f i libucrtd:output.obj
[...]
 0002:0002b8b8       __sehtable$__free_dbg      004df8b8     libucrtd:debug_heap.obj
 0002:0002b8d8       __sehtable$__msize_dbg     004df8d8     libucrtd:debug_heap.obj
 0002:0002b8f8       __sehtable$__realloc_dbg   004df8f8     libucrtd:debug_heap.obj
 0002:0002b918       __sehtable$?is_bad_read_pointer@@YA_NQBXI@Z 004df918     libucrtd:debug_heap.obj
 0002:0002b938       __sehtable$?validate_heap_if_required_nolock@@YAXXZ 004df938     libucrtd:debug_heap.obj
 0002:0002b958       __sehtable$?heap_alloc_dbg_internal@@YAPAXIHQBDH@Z 004df958     libucrtd:debug_heap.obj
 0002:0002b978       __sehtable$__CrtSetDbgBlockType 004df978     libucrtd:debug_heap.obj
 0002:0002b998       __unwindtable$??R<lambda_d121dba8a4adeaf3a9819e48611155df>@@QBEHXZ 004df998     libucrtd:onexit.obj
 0002:0002b9a0       __ehfuncinfo$??R<lambda_d121dba8a4adeaf3a9819e48611155df>@@QBEHXZ 004df9a0     libucrtd:onexit.obj
 0002:0002b9c8       __sehtable$??$?RV<lambda_b53b013fb8c6083c10bec37d2dacc554>@@AAV<lambda_3b83eb014488ad801d84acef5aaf14d3>@@V<lambda_121992cf5e0eae5719f6e4f596aaeb4f>@@@?$__crt_seh_guarded_call@H@@QAEH$$QAV<lambda_b53b013fb8c6083c10bec37d2dacc554>@@AAV<lambda_3b83eb014488ad801d84acef5aaf14d3>@@$$QAV<lambda_121992cf5e0eae5719f6e4f596aaeb4f>@@@Z 004df9c8     libucrtd:onexit.obj
 0002:0002b9e8       __sehtable$??$?RV<lambda_d74cd35c3df28f16c733e6755eb03555>@@AAV<lambda_d121dba8a4adeaf3a9819e48611155df>@@V<lambda_ade73ae6aee997c6ba47ce5901b340f9>@@@?$__crt_seh_guarded_call@H@@QAEH$$QAV<lambda_d74cd35c3df28f16c733e6755eb03555>@@AAV<lambda_d121dba8a4adeaf3a9819e48611155df>@@$$QAV<lambda_ade73ae6aee997c6ba47ce5901b340f9>@@@Z 004df9e8     libucrtd:onexit.obj
 0002:0002ba08       __sehtable$_terminate      004dfa08     libucrtd:terminate.obj
 0002:0002ba28       __sehtable$??$?RV<lambda_6b4b7855443974f2b4b77000ea21c99c>@@AAV<lambda_8f7d3b162ab39427f4fa9995c67a7986>@@V<lambda_cc9a5ba8a5d8428b9634eab82665e5dc>@@@?$__crt_seh_guarded_call@H@@QAEH$$QAV<lambda_6b4b7855443974f2b4b77000ea21c99c>@@AAV<lambda_8f7d3b162ab39427f4fa9995c67a7986>@@$$QAV<lambda_cc9a5ba8a5d8428b9634eab82665e5dc>@@@Z 004dfa28     libucrtd:winapi_thunks.obj
 0002:0002ba48       __sehtable$__fcloseall     004dfa48     libucrtd:closeall.obj
 0002:0002ba68       __sehtable$??$?RV<lambda_2866be3712abc81a800a822484c830d8>@@AAV<lambda_39ca0ed439415581b5b15c265174cece>@@V<lambda_2b24c74d71094a6cd0cb82e44167d71b>@@@?$__crt_seh_guarded_call@X@@QAEX$$QAV<lambda_2866be3712abc81a800a822484c830d8>@@AAV<lambda_39ca0ed439415581b5b15c265174cece>@@$$QAV<lambda_2b24c74d71094a6cd0cb82e44167d71b>@@@Z 004dfa68     libucrtd:fflush.obj
 0002:0002ba88       __sehtable$??$?RV<lambda_2cc53f568c5a2bb6f192f930a45d44ea>@@AAV<lambda_ab61a845afdef5b7c387490eaf3616ee>@@V<lambda_c2ffc0b7726aa6be21d5f0026187e748>@@@?$__crt_seh_guarded_call@X@@QAEX$$QAV<lambda_2cc53f568c5a2bb6f192f930a45d44ea>@@AAV<lambda_ab61a845afdef5b7c387490eaf3616ee>@@$$QAV<lambda_c2ffc0b7726aa6be21d5f0026187e748>@@@Z 004dfa88     libucrtd:fflush.obj
 0002:0002baa8       __sehtable$??$?RV<lambda_6d20deecaf4856105ebacbad442d1079>@@AAV<lambda_9a32fed5bf61b6b509b2d3f6003082a1>@@V<lambda_63ea2239ed67c638ddbae41947fdf875>@@@?$__crt_seh_guarded_call@H@@QAEH$$QAV<lambda_6d20deecaf4856105ebacbad442d1079>@@AAV<lambda_9a32fed5bf61b6b509b2d3f6003082a1>@@$$QAV<lambda_63ea2239ed67c638ddbae41947fdf875>@@@Z 004dfaa8     libucrtd:fflush.obj
 0002:0002bac8       __sehtable$___acrt_initialize_lowio 004dfac8     libucrtd:ioinit.obj
 0002:0002bae8       __sehtable$??$?RV<lambda_e683defbe2e5a27c42b5544acbb13393>@@AAV<lambda_4e7105787b7b0e0227fbf2b2d883fa65>@@V<lambda_80a887151cae997482d53eaa74bb832b>@@@?$__crt_seh_guarded_call@H@@QAEH$$QAV<lambda_e683defbe2e5a27c42b5544acbb13393>@@AAV<lambda_4e7105787b7b0e0227fbf2b2d883fa65>@@$$QAV<lambda_80a887151cae997482d53eaa74bb832b>@@@Z 004dfae8     libucrtd:close.obj
 0002:0002bb08       __sehtable$?__acrt_stdio_allocate_stream@@YA?AV__crt_stdio_stream@@XZ 004dfb08     libucrtd:stream.obj
 0002:0002bb28       __sehtable$__read          004dfb28     libucrtd:read.obj
 0002:0002bb48       __sehtable$??$?RV<lambda_15ade71b0218206bbe3333a0c9b79046>@@AAV<lambda_da44e0f8b0f19ba52fefafb335991732>@@V<lambda_207f2d024fc103971653565357d6cd41>@@@?$__crt_seh_guarded_call@X@@QAEX$$QAV<lambda_15ade71b0218206bbe3333a0c9b79046>@@AAV<lambda_da44e0f8b0f19ba52fefafb335991732>@@$$QAV<lambda_207f2d024fc103971653565357d6cd41>@@@Z 004dfb48     libucrtd:per_thread_data.obj
 0002:0002bb68       __sehtable$??$?RV<lambda_a7e850c220f1c8d1e6efeecdedd162c6>@@AAV<lambda_46720907175c18b6c9d2717bc0d2d362>@@V<lambda_9048902d66e8d99359bc9897bbb930a8>@@@?$__crt_seh_guarded_call@X@@QAEX$$QAV<lambda_a7e850c220f1c8d1e6efeecdedd162c6>@@AAV<lambda_46720907175c18b6c9d2717bc0d2d362>@@$$QAV<lambda_9048902d66e8d99359bc9897bbb930a8>@@@Z 004dfb68     libucrtd:per_thread_data.obj
 0002:0002bb88       __sehtable$??$?RV<lambda_eb0e2b1d104b126d27395a74edba6f03>@@AAV<lambda_d51eb34c9f7d53dbc39f6b791b6a3e42>@@V<lambda_f7564ebddb1f0eaf818ab6f3eade8363>@@@?$__crt_seh_guarded_call@X@@QAEX$$QAV<lambda_eb0e2b1d104b126d27395a74edba6f03>@@AAV<lambda_d51eb34c9f7d53dbc39f6b791b6a3e42>@@$$QAV<lambda_f7564ebddb1f0eaf818ab6f3eade8363>@@@Z 004dfb88     libucrtd:per_thread_data.obj
 0002:0002bba8       __sehtable$??$?RV<lambda_6affb1475c98b40b75cdec977db92e3c>@@AAV<lambda_b8d4b9c228a6ecc3f80208dbb4b4a104>@@V<lambda_608742c3c92a14382c1684fc64f96c88>@@@?$__crt_seh_guarded_call@X@@QAEX$$QAV<lambda_6affb1475c98b40b75cdec977db92e3c>@@AAV<lambda_b8d4b9c228a6ecc3f80208dbb4b4a104>@@$$QAV<lambda_608742c3c92a14382c1684fc64f96c88>@@@Z 004dfba8     libucrtd:per_thread_data.obj
 0002:0002bbc8       __unwindtable$?fp_format_a@@YAHQBNPADIQADIH_NIQAU__crt_locale_pointers@@W4__acrt_rounding_mode@@@Z 004dfbc8     libucrtd:cvt.obj
 0002:0002bbd0       __ehfuncinfo$?fp_format_a@@YAHQBNPADIQADIH_NIQAU__crt_locale_pointers@@W4__acrt_rounding_mode@@@Z 004dfbd0     libucrtd:cvt.obj
 0002:0002bbf8       __sehtable$_fputwc         004dfbf8     libucrtd:fputwc.obj
 0002:0002bc18       __sehtable$_fputc          004dfc18     libucrtd:fputc.obj
 0002:0002bc38       __sehtable$__VCrtDbgReportA 004dfc38     libucrtd:dbgrptt.obj
 0002:0002bc68       __sehtable$__VCrtDbgReportW 004dfc68     libucrtd:dbgrptt.obj
 0002:0002bc94       __ehfuncinfo$??1?$__crt_win32_buffer@DU__crt_win32_buffer_no_resizing@@@@QAE@XZ 004dfc94     libucrtd:getmodulefilenamea.obj
 0002:0002bcc0       __sehtable$_signal         004dfcc0     libucrtd:signal.obj
 0002:0002bce0       __sehtable$_raise          004dfce0     libucrtd:signal.obj
 0002:0002bd00       __sehtable$?ctrlevent_capture@@YGHK@Z 004dfd00     libucrtd:signal.obj
 0002:0002bd20       __sehtable$??$?RV<lambda_cbab9ec6f41b0180b23cc171c22676b0>@@AAV<lambda_44731a7d0e6d81c3e6aa82d741081786>@@V<lambda_4b292cb8dd18144e164572427af410ab>@@@?$__crt_seh_guarded_call@P6AXH@Z@@QAEP6AXH@Z$$QAV<lambda_cbab9ec6f41b0180b23cc171c22676b0>@@AAV<lambda_44731a7d0e6d81c3e6aa82d741081786>@@$$QAV<lambda_4b292cb8dd18144e164572427af410ab>@@@Z 004dfd20     libucrtd:signal.obj
 0002:0002bd40       __ehfuncinfo$??1?$__crt_win32_buffer@_WU__crt_win32_buffer_internal_dynamic_resizing@@@@QAE@XZ 004dfd40     libucrtd:argv_wildcards.obj
 0002:0002bd68       __ehfuncinfo$??1?$__crt_win32_buffer@DU__crt_win32_buffer_internal_dynamic_resizing@@@@QAE@XZ 004dfd68     libucrtd:argv_wildcards.obj
 0002:0002bd90       __sehtable$?update_thread_multibyte_data_internal@@YAPAU__crt_multibyte_data@@QAU__acrt_ptd@@QAPAU1@@Z 004dfd90     libucrtd:mbctype.obj
 0002:0002bdb0       __sehtable$??$?RV<lambda_b5fb591949065c3fa449bad279e8c939>@@AAV<lambda_6c10a39a819b864ce80acc26b314dcd3>@@V<lambda_e567670a9eae49807d365f3e9c117712>@@@?$__crt_seh_guarded_call@X@@QAEX$$QAV<lambda_b5fb591949065c3fa449bad279e8c939>@@AAV<lambda_6c10a39a819b864ce80acc26b314dcd3>@@$$QAV<lambda_e567670a9eae49807d365f3e9c117712>@@@Z 004dfdb0     libucrtd:mbctype.obj
 0002:0002bdd0       __sehtable$__open_osfhandle 004dfdd0     libucrtd:osfinfo.obj
 0002:0002bdf0       __sehtable$__alloc_osfhnd  004dfdf0     libucrtd:osfinfo.obj
 0002:0002be10       __sehtable$___acrt_lowio_ensure_fh_exists 004dfe10     libucrtd:osfinfo.obj
 0002:0002be30       __sehtable$___acrt_update_thread_locale_data 004dfe30     libucrtd:locale_refcounting.obj
 0002:0002be50       __sehtable$??$?RV<lambda_73934b50d04267ee15484ada9e51f93a>@@AAV<lambda_5533cddd4bda0037814beee657757329>@@V<lambda_505f522a38cc75b1e009910344c75d09>@@@?$__crt_seh_guarded_call@H@@QAEH$$QAV<lambda_73934b50d04267ee15484ada9e51f93a>@@AAV<lambda_5533cddd4bda0037814beee657757329>@@$$QAV<lambda_505f522a38cc75b1e009910344c75d09>@@@Z 004dfe50     libucrtd:commit.obj
 0002:0002be70       __sehtable$__write         004dfe70     libucrtd:write.obj
 0002:0002be90       __sehtable$??$common_open@D@@YAHQBDHH@Z 004dfe90     libucrtd:open.obj
 0002:0002beb0       __sehtable$??$common_open@_W@@YAHQB_WHH@Z 004dfeb0     libucrtd:open.obj
 0002:0002bed0       __sehtable$??$common_sopen_dispatch@D@@YAHQBDHHHQAHH@Z 004dfed0     libucrtd:open.obj
 0002:0002bef0       __sehtable$??$common_sopen_dispatch@_W@@YAHQB_WHHHQAHH@Z 004dfef0     libucrtd:open.obj
 0002:0002bf10       __sehtable$??$common_lseek@J@@YAJHJH@Z 004dff10     libucrtd:lseek.obj
 0002:0002bf30       __sehtable$??$common_lseek@_J@@YA_JH_JH@Z 004dff30     libucrtd:lseek.obj
 0002:0002bf50       __unwindtable$?_wcstombs_l_helper@@YAIPADPB_WIPAU__crt_locale_pointers@@@Z 004dff50     libucrtd:wcstombs.obj
 0002:0002bf58       __ehfuncinfo$?_wcstombs_l_helper@@YAIPADPB_WIPAU__crt_locale_pointers@@@Z 004dff58     libucrtd:wcstombs.obj
 0002:0002bf80       __unwindtable$?shortsort@@YAXPAD0IP6AHPBX1@Z@Z 004dff80     libucrtd:qsort.obj
 0002:0002bf88       __ehfuncinfo$?shortsort@@YAXPAD0IP6AHPBX1@Z@Z 004dff88     libucrtd:qsort.obj
 0002:0002bfb0       __sehtable$___set_fpsr_sse2 004dffb0     libucrtd:fpctrl.obj
 0002:0002bfd0       __sehtable$??$?RV<lambda_f828341fbe69b7c0d4c527b01f22877f>@@AAV<lambda_9e0b6ab72a5b3ae37ad997d08b519f50>@@V<lambda_f01deac0a8d65d6e0411edf7e0af5775>@@@?$__crt_seh_guarded_call@G@@QAEG$$QAV<lambda_f828341fbe69b7c0d4c527b01f22877f>@@AAV<lambda_9e0b6ab72a5b3ae37ad997d08b519f50>@@$$QAV<lambda_f01deac0a8d65d6e0411edf7e0af5775>@@@Z 004dffd0     libucrtd:putwch.obj
 0002:0002bff0       __sehtable$??$?RV<lambda_ac3d7779b8d7d49a5360228aa6468071>@@AAV<lambda_b1e214002d83f0fa273391baf2030f5b>@@V<lambda_9097b8fcd9dc7a902bc698871afe1982>@@@?$__crt_seh_guarded_call@H@@QAEH$$QAV<lambda_ac3d7779b8d7d49a5360228aa6468071>@@AAV<lambda_b1e214002d83f0fa273391baf2030f5b>@@$$QAV<lambda_9097b8fcd9dc7a902bc698871afe1982>@@@Z 004dfff0     libucrtd:chsize.obj
 0002:0002c010       __unwindtable$?_wcrtomb_s_l@@YAHQAHQADI_WQAU_Mbstatet@@QAU__crt_locale_pointers@@@Z 004e0010     libucrtd:wcrtomb.obj
 0002:0002c018       __ehfuncinfo$?_wcrtomb_s_l@@YAHQAHQADI_WQAU_Mbstatet@@QAU__crt_locale_pointers@@@Z 004e0018     libucrtd:wcrtomb.obj
 0002:0002c040       __sehtable$__IsNonwritableInCurrentImage 004e0040     LIBCMTD:pesect.obj
 0003:00000050       ?__vcrt_flsindex@@3KA      004e1050     libvcruntimed:per_thread_data.obj
 0003:00000054       ?prefix@?1??getDimension@UnDecorator@@CA?AVDName@@_N@Z@4UStringLiteral@@A 004e1054     libvcruntimed:undname.obj
 0003:00000150       __ctype_loc_style          004e1150     libucrtd:wsetlocale.obj
 0003:00000154       ?__acrt_current_request_number@@3JA 004e1154     libucrtd:debug_heap.obj
 0003:00000170       ?errno_no_memory@@3HA      004e1170     libucrtd:errno.obj
 0003:00000174       ?doserrno_no_memory@@3KA   004e1174     libucrtd:errno.obj
 0003:000002f4       ?__acrt_debug_fill_threshold@@3IA 004e12f4     libucrtd:debug_fill_threshold.obj
 0003:000002f8       ?__acrt_flsindex@@3KA      004e12f8     libucrtd:per_thread_data.obj
 0003:000006a8       __mbctypes                 004e16a8     libucrtd:mbctype.obj
 0003:000007e0       __mbcasemaps               004e17e0     libucrtd:mbctype.obj
 0003:00000914       ?__rgctypeflag@@3PADA      004e1914     libucrtd:mbctype.obj
 0003:00000918       ?__rgcode_page_info@@3PAUcode_page_info@@A 004e1918     libucrtd:mbctype.obj
 0003:00000ac0       ?__DAZ_ENABLED@?1??__set_fpsr_sse2@@9@9 004e1ac0     libucrtd:fpctrl.obj
 0003:00000ad0       ?__dcrt_lowio_console_output_handle@@3PAXA 004e1ad0     libucrtd:initcon.obj
 0003:001061ac       ?InitReflectionTex@?1??Display@@YAXXZ@4HA 005e71ac     main.obj
 0003:001395e0       ?init@?1??_RTC_InitBase@@9@4_NA 0061a5e0     LIBCMTD:init.obj
 0003:001395e8       _GS_ExceptionRecord        0061a5e8     LIBCMTD:gs_report.obj
 0003:00139638       _GS_ContextRecord          0061a638     LIBCMTD:gs_report.obj
 0003:001399a4       ?_RTC_ErrorReportFunc@@3P6AHHPBDH00ZZA 0061a9a4     LIBCMTD:userapi.obj
 0003:001399a8       ?_RTC_ErrorReportFuncW@@3P6AHHPB_WH00ZZA 0061a9a8     LIBCMTD:userapi.obj
 0003:001399b8       ?is_initialized_as_dll@@3_NA 0061a9b8     LIBCMTD:utility.obj
 0003:001399b9       ?module_local_atexit_table_initialized@@3_NA 0061a9b9     LIBCMTD:utility.obj
 0003:001399bc       ?module_local_atexit_table@@3U_onexit_table_t@@A 0061a9bc     LIBCMTD:utility.obj
 0003:001399c8       ?module_local_at_quick_exit_table@@3U_onexit_table_t@@A 0061a9c8     LIBCMTD:utility.obj
 0003:00139a04       ?mspdb@@3PAUHINSTANCE__@@A 0061aa04     LIBCMTD:pdblkup.obj
 0003:00139a08       ?alreadyTried@?1??GetPdbDll@@YAPAUHINSTANCE__@@XZ@4_NA 0061aa08     LIBCMTD:pdblkup.obj
 0003:00139a09       ?PDBOK@?1??_RTC_GetSrcLine@@YAHPAEPA_WKPAH1K@Z@4_NA 0061aa09     LIBCMTD:pdblkup.obj
 0003:00139a1c       ?__vcrt_startup_thread_ptd@@3U__vcrt_ptd@@A 0061aa1c     libvcruntimed:per_thread_data.obj
 0003:00139a4c       ___vcrt_lock_table         0061aa4c     libvcruntimed:locks.obj
 0003:00139a64       ___vcrt_locks_initialized  0061aa64     libvcruntimed:locks.obj
 0003:00139a98       ?heap@@3V_HeapManager@@A   0061aa98     libvcruntimed:undname.obj
 0003:00139ab8       ?buf@?1??dbGetString@DName@@QBEPADXZ@4PADA 0061aab8     libvcruntimed:undname.obj
 0003:00139b18       ?module_handles@@3PAPAUHINSTANCE__@@A 0061ab18     libvcruntimed:winapi_downlevel.obj
 0003:00139b24       ?function_pointers@@3PAPAXA 0061ab24     libvcruntimed:winapi_downlevel.obj
 0003:00139b54       ?c_termination_complete@@3JA 0061ab54     libucrtd:exit.obj
 0003:00139b58       ?thread_local_exit_callback_func@@3P6GXPAXK0@ZA 0061ab58     libucrtd:exit.obj
 0003:00139b60       ?__acrt_app_type@@3W4_crt_app_type@@A 0061ab60     libucrtd:report_runtime_error.obj
 0003:00139b68       ?outmsg@?9??__acrt_report_runtime_error@@9@4PA_WA 0061ab68     libucrtd:report_runtime_error.obj
 0003:0013a2cc       ?user_matherr@@3V?$dual_state_global@P6AHPAU_exception@@@Z@__crt_state_management@@A 0061b2cc     libucrtd:matherr.obj
 0003:0013a2d0       ?program_name@?1???$common_configure_argv@D@@YAHW4_crt_argv_mode@@@Z@4PADA 0061b2d0     libucrtd:argv_parsing.obj
 0003:0013a410       ?program_name@?1???$common_configure_argv@_W@@YAHW4_crt_argv_mode@@@Z@4PA_WA 0061b410     libucrtd:argv_parsing.obj
 0003:0013a6b8       ?__acrt_global_new_mode@@3V?$dual_state_global@J@__crt_state_management@@A 0061b6b8     libucrtd:new_mode.obj
 0003:0013a6c0       ?__acrt_new_handler@@3V?$dual_state_global@P6AHI@Z@__crt_state_management@@A 0061b6c0     libucrtd:new_handler.obj
 0003:0013a6c4       ?__acrt_first_block@@3PAU_CrtMemBlockHeader@@A 0061b6c4     libucrtd:debug_heap.obj
 0003:0013a6c8       ?__acrt_last_block@@3PAU_CrtMemBlockHeader@@A 0061b6c8     libucrtd:debug_heap.obj
 0003:0013a6cc       ?__acrt_total_allocations@@3IA 0061b6cc     libucrtd:debug_heap.obj
 0003:0013a6d0       ?__acrt_current_allocations@@3IA 0061b6d0     libucrtd:debug_heap.obj
 0003:0013a6d4       ?__acrt_max_allocations@@3IA 0061b6d4     libucrtd:debug_heap.obj
 0003:0013a6d8       ?__acrt_check_frequency@@3IA 0061b6d8     libucrtd:debug_heap.obj
 0003:0013a6dc       ?__acrt_check_counter@@3IA 0061b6dc     libucrtd:debug_heap.obj
 0003:0013a6e4       ?heap_validation_pending@@3_NA 0061b6e4     libucrtd:debug_heap.obj
 0003:0013a708       ?__acrt_invalid_parameter_handler@@3V?$dual_state_global@P6AXPB_W00II@Z@__crt_state_management@@A 0061b708     libucrtd:invalid_parameter.obj
 0003:0013a710       ?module_handles@@3PAPAUHINSTANCE__@@A 0061b710     libucrtd:winapi_thunks.obj
 0003:0013a760       ?encoded_function_pointers@@3PAPAXA 0061b760     libucrtd:winapi_thunks.obj
 0003:0013a814       ?static_enum_proc@?1??enum_system_locales_ex_nolock@@YAHQ6GHPA_WKJ@Z@Z@4P6GH0KJ@ZA 0061b814     libucrtd:winapi_thunks.obj
 0003:0013aa84       ?internal_state@?1??_mbtowc_l@@9@4U_Mbstatet@@A 0061ba84     libucrtd:mbtowc.obj
 0003:0013aa90       ?enable_percent_n@@3IA     0061ba90     libucrtd:printf_count_output.obj
 0003:0013aaa0       ?__acrt_lock_table@@3PAU_RTL_CRITICAL_SECTION@@A 0061baa0     libucrtd:locks.obj
 0003:0013abf0       ?__acrt_locks_initialized@@3IA 0061bbf0     libucrtd:locks.obj
 0003:0013ac38       ?state_cache@?1???$get_cached_win_policy@Ubegin_thread_init_policy_properties@?1??__acrt_get_begin_thread_init_policy@@YA?AW4begin_thread_init_policy@@XZ@@@YA?AW4begin_thread_init_policy@@W4AppPolicyThreadInitializationType@@@Z@4JA 0061bc38     libucrtd:win_policies.obj
 0003:0013ac3c       ?state_cache@?1???$get_cached_win_policy@Udeveloper_information_policy_properties@?1??__acrt_get_developer_information_policy@@YA?AW4developer_information_policy@@XZ@@@YA?AW4developer_information_policy@@W4AppPolicyShowDeveloperDiagnostic@@@Z@4JA 0061bc3c     libucrtd:win_policies.obj
 0003:0013ac40       ?state_cache@?1???$get_cached_win_policy@Uwindowing_model_policy_properties@?1??__acrt_get_windowing_model_policy@@YA?AW4windowing_model_policy@@XZ@@@YA?AW4windowing_model_policy@@W4AppPolicyWindowingModel@@@Z@4JA 0061bc40     libucrtd:win_policies.obj
 0003:0013ac52       ?console_ctrl_handler_installed@@3_NA 0061bc52     libucrtd:signal.obj
 0003:0013ac54       ?ctrlc_action@@3V?$dual_state_global@P6AXH@Z@__crt_state_management@@A 0061bc54     libucrtd:signal.obj
 0003:0013ac58       ?ctrlbreak_action@@3V?$dual_state_global@P6AXH@Z@__crt_state_management@@A 0061bc58     libucrtd:signal.obj
 0003:0013ac5c       ?abort_action@@3V?$dual_state_global@P6AXH@Z@__crt_state_management@@A 0061bc5c     libucrtd:signal.obj
 0003:0013ac60       ?term_action@@3V?$dual_state_global@P6AXH@Z@__crt_state_management@@A 0061bc60     libucrtd:signal.obj
 0003:0013ac68       ___acrt_error_mode         0061bc68     libucrtd:set_error_mode.obj
 0003:0013ac78       ?fSystemSet@@3HA           0061bc78     libucrtd:mbctype.obj
 0003:0013ac7f       ?initialized@?1??__acrt_initialize_multibyte@@9@4_NA 0061bc7f     libucrtd:mbctype.obj
 0003:0013ac90       ?mbst@?1??mbrlen@@9@4U_Mbstatet@@A 0061bc90     libucrtd:mbrtowc.obj
 0003:0013ac9c       ?mbst@?1??mbrtowc@@9@4U_Mbstatet@@A 0061bc9c     libucrtd:mbrtowc.obj
 0003:0013aca8       ?mbst@?1??_mbsrtowcs_helper@@YAIPA_WPAPBDIPAU_Mbstatet@@@Z@4U2@A 0061bca8     libucrtd:mbrtowc.obj
 0003:0013acb8       __pmatherr_set             0061bcb8     libucrtd:libm_error.obj
 0003:0013acc0       ?internal_pst@?1??__mbrtoc32_utf8@__crt_mbstring@@YAIPA_UPBDIPAU_Mbstatet@@@Z@4U3@A 0061bcc0     libucrtd:mbrtoc32.obj
 0003:0013accc       ?local_state@?6??_wcrtomb_s_l@@YAHQAHQADI_WQAU_Mbstatet@@QAU__crt_locale_pointers@@@Z@4U2@A 0061bccc     libucrtd:wcrtomb.obj
 0003:0013acd8       ?internal_pst@?1??__c16rtomb_utf8@__crt_mbstring@@YAIPAD_SPAU_Mbstatet@@@Z@4U3@A 0061bcd8     libucrtd:c16rtomb.obj
 0004:000008a4       .idata$6                   0061c8a4     cg:cg.dll
 0004:00000966       .idata$6                   0061c966     cgGL:cgGL.dll
 0004:00000a66       .idata$6                   0061ca66     glut32:glut32.dll
 0004:00000ca8       .idata$6                   0061cca8     opengl32:OPENGL32.dll
 0004:00000cc8       .idata$6                   0061ccc8     glu32:GLU32.dll
 0004:00001308       .idata$6                   0061d308     kernel32:KERNEL32.dll
 0006:00000170       $R000000                   0061f170     * linker generated manifest res *
